Archive member included to satisfy reference by file (symbol)

c:/st/stm32cubeide_1.9.0/stm32cubeide/plugins/com.st.stm32cube.ide.mcu.externaltools.gnu-tools-for-stm32.10.3-2021.10.win32_1.0.0.202111181127/tools/bin/../lib/gcc/arm-none-eabi/10.3.1/../../../../arm-none-eabi/lib/thumb/v7-m/nofp\libc_nano.a(lib_a-errno.o)
                              ./Core/Src/syscalls.o (__errno)
c:/st/stm32cubeide_1.9.0/stm32cubeide/plugins/com.st.stm32cube.ide.mcu.externaltools.gnu-tools-for-stm32.10.3-2021.10.win32_1.0.0.202111181127/tools/bin/../lib/gcc/arm-none-eabi/10.3.1/../../../../arm-none-eabi/lib/thumb/v7-m/nofp\libc_nano.a(lib_a-exit.o)
                              c:/st/stm32cubeide_1.9.0/stm32cubeide/plugins/com.st.stm32cube.ide.mcu.externaltools.gnu-tools-for-stm32.10.3-2021.10.win32_1.0.0.202111181127/tools/bin/../lib/gcc/arm-none-eabi/10.3.1/../../../../arm-none-eabi/lib/thumb/v7-m/nofp/crt0.o (exit)
c:/st/stm32cubeide_1.9.0/stm32cubeide/plugins/com.st.stm32cube.ide.mcu.externaltools.gnu-tools-for-stm32.10.3-2021.10.win32_1.0.0.202111181127/tools/bin/../lib/gcc/arm-none-eabi/10.3.1/../../../../arm-none-eabi/lib/thumb/v7-m/nofp\libc_nano.a(lib_a-impure.o)
                              c:/st/stm32cubeide_1.9.0/stm32cubeide/plugins/com.st.stm32cube.ide.mcu.externaltools.gnu-tools-for-stm32.10.3-2021.10.win32_1.0.0.202111181127/tools/bin/../lib/gcc/arm-none-eabi/10.3.1/../../../../arm-none-eabi/lib/thumb/v7-m/nofp\libc_nano.a(lib_a-exit.o) (_global_impure_ptr)
c:/st/stm32cubeide_1.9.0/stm32cubeide/plugins/com.st.stm32cube.ide.mcu.externaltools.gnu-tools-for-stm32.10.3-2021.10.win32_1.0.0.202111181127/tools/bin/../lib/gcc/arm-none-eabi/10.3.1/../../../../arm-none-eabi/lib/thumb/v7-m/nofp\libc_nano.a(lib_a-init.o)
                              c:/st/stm32cubeide_1.9.0/stm32cubeide/plugins/com.st.stm32cube.ide.mcu.externaltools.gnu-tools-for-stm32.10.3-2021.10.win32_1.0.0.202111181127/tools/bin/../lib/gcc/arm-none-eabi/10.3.1/../../../../arm-none-eabi/lib/thumb/v7-m/nofp/crt0.o (__libc_init_array)
c:/st/stm32cubeide_1.9.0/stm32cubeide/plugins/com.st.stm32cube.ide.mcu.externaltools.gnu-tools-for-stm32.10.3-2021.10.win32_1.0.0.202111181127/tools/bin/../lib/gcc/arm-none-eabi/10.3.1/../../../../arm-none-eabi/lib/thumb/v7-m/nofp\libc_nano.a(lib_a-memcpy-stub.o)
                              ./USB_DEVICE/App/usbd_cdc_if.o (memcpy)
c:/st/stm32cubeide_1.9.0/stm32cubeide/plugins/com.st.stm32cube.ide.mcu.externaltools.gnu-tools-for-stm32.10.3-2021.10.win32_1.0.0.202111181127/tools/bin/../lib/gcc/arm-none-eabi/10.3.1/../../../../arm-none-eabi/lib/thumb/v7-m/nofp\libc_nano.a(lib_a-memset.o)
                              c:/st/stm32cubeide_1.9.0/stm32cubeide/plugins/com.st.stm32cube.ide.mcu.externaltools.gnu-tools-for-stm32.10.3-2021.10.win32_1.0.0.202111181127/tools/bin/../lib/gcc/arm-none-eabi/10.3.1/../../../../arm-none-eabi/lib/thumb/v7-m/nofp/crt0.o (memset)
c:/st/stm32cubeide_1.9.0/stm32cubeide/plugins/com.st.stm32cube.ide.mcu.externaltools.gnu-tools-for-stm32.10.3-2021.10.win32_1.0.0.202111181127/tools/bin/../lib/gcc/arm-none-eabi/10.3.1/../../../../arm-none-eabi/lib/thumb/v7-m/nofp\libc_nano.a(lib_a-strlen.o)
                              ./Core/Src/main.o (strlen)

Discarded input sections

 .text          0x0000000000000000        0x0 c:/st/stm32cubeide_1.9.0/stm32cubeide/plugins/com.st.stm32cube.ide.mcu.externaltools.gnu-tools-for-stm32.10.3-2021.10.win32_1.0.0.202111181127/tools/bin/../lib/gcc/arm-none-eabi/10.3.1/thumb/v7-m/nofp/crti.o
 .data          0x0000000000000000        0x0 c:/st/stm32cubeide_1.9.0/stm32cubeide/plugins/com.st.stm32cube.ide.mcu.externaltools.gnu-tools-for-stm32.10.3-2021.10.win32_1.0.0.202111181127/tools/bin/../lib/gcc/arm-none-eabi/10.3.1/thumb/v7-m/nofp/crti.o
 .bss           0x0000000000000000        0x0 c:/st/stm32cubeide_1.9.0/stm32cubeide/plugins/com.st.stm32cube.ide.mcu.externaltools.gnu-tools-for-stm32.10.3-2021.10.win32_1.0.0.202111181127/tools/bin/../lib/gcc/arm-none-eabi/10.3.1/thumb/v7-m/nofp/crti.o
 .data          0x0000000000000000        0x4 c:/st/stm32cubeide_1.9.0/stm32cubeide/plugins/com.st.stm32cube.ide.mcu.externaltools.gnu-tools-for-stm32.10.3-2021.10.win32_1.0.0.202111181127/tools/bin/../lib/gcc/arm-none-eabi/10.3.1/thumb/v7-m/nofp/crtbegin.o
 .rodata        0x0000000000000000       0x24 c:/st/stm32cubeide_1.9.0/stm32cubeide/plugins/com.st.stm32cube.ide.mcu.externaltools.gnu-tools-for-stm32.10.3-2021.10.win32_1.0.0.202111181127/tools/bin/../lib/gcc/arm-none-eabi/10.3.1/thumb/v7-m/nofp/crtbegin.o
 .text          0x0000000000000000       0x7c c:/st/stm32cubeide_1.9.0/stm32cubeide/plugins/com.st.stm32cube.ide.mcu.externaltools.gnu-tools-for-stm32.10.3-2021.10.win32_1.0.0.202111181127/tools/bin/../lib/gcc/arm-none-eabi/10.3.1/../../../../arm-none-eabi/lib/thumb/v7-m/nofp/crt0.o
[...]
Memory Configuration

Name             Origin             Length             Attributes
RAM              0x0000000020000000 0x0000000000005000 xrw
FLASH            0x0000000008000000 0x0000000000010000 xr
*default*        0x0000000000000000 0xffffffffffffffff

Linker script and memory map

LOAD c:/st/stm32cubeide_1.9.0/stm32cubeide/plugins/com.st.stm32cube.ide.mcu.externaltools.gnu-tools-for-stm32.10.3-2021.10.win32_1.0.0.202111181127/tools/bin/../lib/gcc/arm-none-eabi/10.3.1/thumb/v7-m/nofp/crti.o
LOAD c:/st/stm32cubeide_1.9.0/stm32cubeide/plugins/com.st.stm32cube.ide.mcu.externaltools.gnu-tools-for-stm32.10.3-2021.10.win32_1.0.0.202111181127/tools/bin/../lib/gcc/arm-none-eabi/10.3.1/thumb/v7-m/nofp/crtbegin.o
LOAD c:/st/stm32cubeide_1.9.0/stm32cubeide/plugins/com.st.stm32cube.ide.mcu.externaltools.gnu-tools-for-stm32.10.3-2021.10.win32_1.0.0.202111181127/tools/bin/../lib/gcc/arm-none-eabi/10.3.1/../../../../arm-none-eabi/lib/thumb/v7-m/nofp/crt0.o
LOAD ./Core/Src/main.o
LOAD ./Core/Src/stm32f1xx_hal_msp.o
LOAD ./Core/Src/stm32f1xx_it.o
LOAD ./Core/Src/syscalls.o
LOAD ./Core/Src/sysmem.o
LOAD ./Core/Src/system_stm32f1xx.o
LOAD ./Core/Startup/startup_stm32f103c8tx.o
LOAD ./Drivers/STM32F1xx_HAL_Driver/Src/stm32f1xx_hal.o
LOAD ./Drivers/STM32F1xx_HAL_Driver/Src/stm32f1xx_hal_cortex.o
LOAD ./Drivers/STM32F1xx_HAL_Driver/Src/stm32f1xx_hal_dma.o
LOAD ./Drivers/STM32F1xx_HAL_Driver/Src/stm32f1xx_hal_exti.o
LOAD ./Drivers/STM32F1xx_HAL_Driver/Src/stm32f1xx_hal_flash.o
LOAD ./Drivers/STM32F1xx_HAL_Driver/Src/stm32f1xx_hal_flash_ex.o
LOAD ./Drivers/STM32F1xx_HAL_Driver/Src/stm32f1xx_hal_gpio.o
LOAD ./Drivers/STM32F1xx_HAL_Driver/Src/stm32f1xx_hal_gpio_ex.o
LOAD ./Drivers/STM32F1xx_HAL_Driver/Src/stm32f1xx_hal_pcd.o
LOAD ./Drivers/STM32F1xx_HAL_Driver/Src/stm32f1xx_hal_pcd_ex.o
LOAD ./Drivers/STM32F1xx_HAL_Driver/Src/stm32f1xx_hal_pwr.o
LOAD ./Drivers/STM32F1xx_HAL_Driver/Src/stm32f1xx_hal_rcc.o
LOAD ./Drivers/STM32F1xx_HAL_Driver/Src/stm32f1xx_hal_rcc_ex.o
LOAD ./Drivers/STM32F1xx_HAL_Driver/Src/stm32f1xx_hal_tim.o
LOAD ./Drivers/STM32F1xx_HAL_Driver/Src/stm32f1xx_hal_tim_ex.o
LOAD ./Drivers/STM32F1xx_HAL_Driver/Src/stm32f1xx_ll_usb.o
LOAD ./Middlewares/ST/STM32_USB_Device_Library/Class/CDC/Src/usbd_cdc.o
LOAD ./Middlewares/ST/STM32_USB_Device_Library/Core/Src/usbd_core.o
LOAD ./Middlewares/ST/STM32_USB_Device_Library/Core/Src/usbd_ctlreq.o
LOAD ./Middlewares/ST/STM32_USB_Device_Library/Core/Src/usbd_ioreq.o
LOAD ./USB_DEVICE/App/usb_device.o
LOAD ./USB_DEVICE/App/usbd_cdc_if.o
LOAD ./USB_DEVICE/App/usbd_desc.o
LOAD ./USB_DEVICE/Target/usbd_conf.o
START GROUP
LOAD c:/st/stm32cubeide_1.9.0/stm32cubeide/plugins/com.st.stm32cube.ide.mcu.externaltools.gnu-tools-for-stm32.10.3-2021.10.win32_1.0.0.202111181127/tools/bin/../lib/gcc/arm-none-eabi/10.3.1/../../../../arm-none-eabi/lib/thumb/v7-m/nofp\libc_nano.a
LOAD c:/st/stm32cubeide_1.9.0/stm32cubeide/plugins/com.st.stm32cube.ide.mcu.externaltools.gnu-tools-for-stm32.10.3-2021.10.win32_1.0.0.202111181127/tools/bin/../lib/gcc/arm-none-eabi/10.3.1/../../../../arm-none-eabi/lib/thumb/v7-m/nofp\libm.a
END GROUP
START GROUP
LOAD c:/st/stm32cubeide_1.9.0/stm32cubeide/plugins/com.st.stm32cube.ide.mcu.externaltools.gnu-tools-for-stm32.10.3-2021.10.win32_1.0.0.202111181127/tools/bin/../lib/gcc/arm-none-eabi/10.3.1/thumb/v7-m/nofp\libgcc.a
LOAD c:/st/stm32cubeide_1.9.0/stm32cubeide/plugins/com.st.stm32cube.ide.mcu.externaltools.gnu-tools-for-stm32.10.3-2021.10.win32_1.0.0.202111181127/tools/bin/../lib/gcc/arm-none-eabi/10.3.1/../../../../arm-none-eabi/lib/thumb/v7-m/nofp\libc_nano.a
END GROUP
START GROUP
LOAD c:/st/stm32cubeide_1.9.0/stm32cubeide/plugins/com.st.stm32cube.ide.mcu.externaltools.gnu-tools-for-stm32.10.3-2021.10.win32_1.0.0.202111181127/tools/bin/../lib/gcc/arm-none-eabi/10.3.1/thumb/v7-m/nofp\libgcc.a
LOAD c:/st/stm32cubeide_1.9.0/stm32cubeide/plugins/com.st.stm32cube.ide.mcu.externaltools.gnu-tools-for-stm32.10.3-2021.10.win32_1.0.0.202111181127/tools/bin/../lib/gcc/arm-none-eabi/10.3.1/../../../../arm-none-eabi/lib/thumb/v7-m/nofp\libc_nano.a
LOAD c:/st/stm32cubeide_1.9.0/stm32cubeide/plugins/com.st.stm32cube.ide.mcu.externaltools.gnu-tools-for-stm32.10.3-2021.10.win32_1.0.0.202111181127/tools/bin/../lib/gcc/arm-none-eabi/10.3.1/../../../../arm-none-eabi/lib/thumb/v7-m/nofp\libnosys.a
END GROUP
START GROUP
LOAD c:/st/stm32cubeide_1.9.0/stm32cubeide/plugins/com.st.stm32cube.ide.mcu.externaltools.gnu-tools-for-stm32.10.3-2021.10.win32_1.0.0.202111181127/tools/bin/../lib/gcc/arm-none-eabi/10.3.1/thumb/v7-m/nofp\libgcc.a
LOAD c:/st/stm32cubeide_1.9.0/stm32cubeide/plugins/com.st.stm32cube.ide.mcu.externaltools.gnu-tools-for-stm32.10.3-2021.10.win32_1.0.0.202111181127/tools/bin/../lib/gcc/arm-none-eabi/10.3.1/../../../../arm-none-eabi/lib/thumb/v7-m/nofp\libc_nano.a
LOAD c:/st/stm32cubeide_1.9.0/stm32cubeide/plugins/com.st.stm32cube.ide.mcu.externaltools.gnu-tools-for-stm32.10.3-2021.10.win32_1.0.0.202111181127/tools/bin/../lib/gcc/arm-none-eabi/10.3.1/../../../../arm-none-eabi/lib/thumb/v7-m/nofp\libnosys.a
END GROUP
LOAD c:/st/stm32cubeide_1.9.0/stm32cubeide/plugins/com.st.stm32cube.ide.mcu.externaltools.gnu-tools-for-stm32.10.3-2021.10.win32_1.0.0.202111181127/tools/bin/../lib/gcc/arm-none-eabi/10.3.1/thumb/v7-m/nofp/crtend.o
LOAD c:/st/stm32cubeide_1.9.0/stm32cubeide/plugins/com.st.stm32cube.ide.mcu.externaltools.gnu-tools-for-stm32.10.3-2021.10.win32_1.0.0.202111181127/tools/bin/../lib/gcc/arm-none-eabi/10.3.1/thumb/v7-m/nofp/crtn.o
                0x0000000020005000                _estack = (ORIGIN (RAM) + LENGTH (RAM))
                0x0000000000000200                _Min_Heap_Size = 0x200
                0x0000000000000400                _Min_Stack_Size = 0x400

.isr_vector     0x0000000008000000      0x10c
                0x0000000008000000                . = ALIGN (0x4)
 *(.isr_vector)
 .isr_vector    0x0000000008000000      0x10c ./Core/Startup/startup_stm32f103c8tx.o
                0x0000000008000000                g_pfnVectors
                0x000000000800010c                . = ALIGN (0x4)

.text           0x000000000800010c     0x7500
                0x000000000800010c                . = ALIGN (0x4)
 *(.text)
 .text          0x000000000800010c       0x40 c:/st/stm32cubeide_1.9.0/stm32cubeide/plugins/com.st.stm32cube.ide.mcu.externaltools.gnu-tools-for-stm32.10.3-2021.10.win32_1.0.0.202111181127/tools/bin/../lib/gcc/arm-none-eabi/10.3.1/thumb/v7-m/nofp/crtbegin.o
 .text          0x000000000800014c       0x10 c:/st/stm32cubeide_1.9.0/stm32cubeide/plugins/com.st.stm32cube.ide.mcu.externaltools.gnu-tools-for-stm32.10.3-2021.10.win32_1.0.0.202111181127/tools/bin/../lib/gcc/arm-none-eabi/10.3.1/../../../../arm-none-eabi/lib/thumb/v7-m/nofp\libc_nano.a(lib_a-strlen.o)
                0x000000000800014c                strlen
 *(.text*)
 .text.main     0x000000000800015c       0x3c ./Core/Src/main.o
                0x000000000800015c                main
 .text.SystemClock_Config
                0x0000000008000198       0xb4 ./Core/Src/main.o
                0x0000000008000198                SystemClock_Config
 .text.MX_GPIO_Init
                0x000000000800024c       0x44 ./Core/Src/main.o
 .text.Error_Handler
                0x0000000008000290        0xa ./Core/Src/main.o
                0x0000000008000290                Error_Handler
 *fill*         0x000000000800029a        0x2 
 .text.HAL_MspInit
                0x000000000800029c       0x64 ./Core/Src/stm32f1xx_hal_msp.o
                0x000000000800029c                HAL_MspInit
 .text.NMI_Handler
                0x0000000008000300        0x6 ./Core/Src/stm32f1xx_it.o
                0x0000000008000300                NMI_Handler
 .text.HardFault_Handler
                0x0000000008000306        0x6 ./Core/Src/stm32f1xx_it.o
                0x0000000008000306                HardFault_Handler
 .text.MemManage_Handler
                0x000000000800030c        0x6 ./Core/Src/stm32f1xx_it.o
                0x000000000800030c                MemManage_Handler
 .text.BusFault_Handler
                0x0000000008000312        0x6 ./Core/Src/stm32f1xx_it.o
                0x0000000008000312                BusFault_Handler
 .text.UsageFault_Handler
                0x0000000008000318        0x6 ./Core/Src/stm32f1xx_it.o
                0x0000000008000318                UsageFault_Handler
 .text.SVC_Handler
                0x000000000800031e        0xc ./Core/Src/stm32f1xx_it.o
                0x000000000800031e                SVC_Handler
 .text.DebugMon_Handler
                0x000000000800032a        0xc ./Core/Src/stm32f1xx_it.o
                0x000000000800032a                DebugMon_Handler
 .text.PendSV_Handler
                0x0000000008000336        0xc ./Core/Src/stm32f1xx_it.o
                0x0000000008000336                PendSV_Handler
 .text.SysTick_Handler
                0x0000000008000342        0xc ./Core/Src/stm32f1xx_it.o
                0x0000000008000342                SysTick_Handler
 *fill*         0x000000000800034e        0x2 
 .text.USB_LP_CAN1_RX0_IRQHandler
                0x0000000008000350       0x14 ./Core/Src/stm32f1xx_it.o
                0x0000000008000350                USB_LP_CAN1_RX0_IRQHandler
 .text.SystemInit
                0x0000000008000364        0xc ./Core/Src/system_stm32f1xx.o
                0x0000000008000364                SystemInit
 .text.Reset_Handler
                0x0000000008000370       0x48 ./Core/Startup/startup_stm32f103c8tx.o
                0x0000000008000370                Reset_Handler
 .text.Default_Handler
                0x00000000080003b8        0x2 ./Core/Startup/startup_stm32f103c8tx.o
                0x00000000080003b8                RTC_Alarm_IRQHandler
                0x00000000080003b8                EXTI2_IRQHandler
                0x00000000080003b8                TIM1_CC_IRQHandler
                0x00000000080003b8                PVD_IRQHandler
                0x00000000080003b8                EXTI3_IRQHandler
                0x00000000080003b8                EXTI0_IRQHandler
                0x00000000080003b8                I2C2_EV_IRQHandler
                0x00000000080003b8                ADC1_2_IRQHandler
                0x00000000080003b8                SPI1_IRQHandler
                0x00000000080003b8                TAMPER_IRQHandler
                0x00000000080003b8                DMA1_Channel4_IRQHandler
                0x00000000080003b8                USART3_IRQHandler
                0x00000000080003b8                RTC_IRQHandler
                0x00000000080003b8                DMA1_Channel7_IRQHandler
                0x00000000080003b8                CAN1_RX1_IRQHandler
                0x00000000080003b8                TIM4_IRQHandler
                0x00000000080003b8                I2C1_EV_IRQHandler
                0x00000000080003b8                DMA1_Channel6_IRQHandler
                0x00000000080003b8                TIM3_IRQHandler
                0x00000000080003b8                RCC_IRQHandler
                0x00000000080003b8                TIM1_TRG_COM_IRQHandler
                0x00000000080003b8                DMA1_Channel1_IRQHandler
                0x00000000080003b8                Default_Handler
                0x00000000080003b8                EXTI15_10_IRQHandler
                0x00000000080003b8                EXTI9_5_IRQHandler
                0x00000000080003b8                SPI2_IRQHandler
                0x00000000080003b8                DMA1_Channel5_IRQHandler
                0x00000000080003b8                EXTI4_IRQHandler
                0x00000000080003b8                USB_HP_CAN1_TX_IRQHandler
                0x00000000080003b8                DMA1_Channel3_IRQHandler
                0x00000000080003b8                TIM1_UP_IRQHandler
                0x00000000080003b8                WWDG_IRQHandler
                0x00000000080003b8                TIM2_IRQHandler
                0x00000000080003b8                TIM1_BRK_IRQHandler
                0x00000000080003b8                EXTI1_IRQHandler
                0x00000000080003b8                USART2_IRQHandler
                0x00000000080003b8                I2C2_ER_IRQHandler
                0x00000000080003b8                DMA1_Channel2_IRQHandler
                0x00000000080003b8                CAN1_SCE_IRQHandler
                0x00000000080003b8                FLASH_IRQHandler
                0x00000000080003b8                USART1_IRQHandler
                0x00000000080003b8                I2C1_ER_IRQHandler
                0x00000000080003b8                USBWakeUp_IRQHandler
 *fill*         0x00000000080003ba        0x2 
 .text.HAL_Init
                0x00000000080003bc       0x2c ./Drivers/STM32F1xx_HAL_Driver/Src/stm32f1xx_hal.o
                0x00000000080003bc                HAL_Init
 .text.HAL_InitTick
                0x00000000080003e8       0x60 ./Drivers/STM32F1xx_HAL_Driver/Src/stm32f1xx_hal.o
                0x00000000080003e8                HAL_InitTick
 .text.HAL_IncTick
                0x0000000008000448       0x24 ./Drivers/STM32F1xx_HAL_Driver/Src/stm32f1xx_hal.o
                0x0000000008000448                HAL_IncTick
 .text.HAL_GetTick
                0x000000000800046c       0x14 ./Drivers/STM32F1xx_HAL_Driver/Src/stm32f1xx_hal.o
                0x000000000800046c                HAL_GetTick
 .text.HAL_Delay
                0x0000000008000480       0x48 ./Drivers/STM32F1xx_HAL_Driver/Src/stm32f1xx_hal.o
                0x0000000008000480                HAL_Delay
 .text.__NVIC_SetPriorityGrouping
                0x00000000080004c8       0x48 ./Drivers/STM32F1xx_HAL_Driver/Src/stm32f1xx_hal_cortex.o
 .text.__NVIC_GetPriorityGrouping
                0x0000000008000510       0x1c ./Drivers/STM32F1xx_HAL_Driver/Src/stm32f1xx_hal_cortex.o
 .text.__NVIC_EnableIRQ
                0x000000000800052c       0x38 ./Drivers/STM32F1xx_HAL_Driver/Src/stm32f1xx_hal_cortex.o
 .text.__NVIC_SetPriority
                0x0000000008000564       0x54 ./Drivers/STM32F1xx_HAL_Driver/Src/stm32f1xx_hal_cortex.o
 .text.NVIC_EncodePriority
                0x00000000080005b8       0x64 ./Drivers/STM32F1xx_HAL_Driver/Src/stm32f1xx_hal_cortex.o
 .text.SysTick_Config
                0x000000000800061c       0x44 ./Drivers/STM32F1xx_HAL_Driver/Src/stm32f1xx_hal_cortex.o
 .text.HAL_NVIC_SetPriorityGrouping
                0x0000000008000660       0x16 ./Drivers/STM32F1xx_HAL_Driver/Src/stm32f1xx_hal_cortex.o
                0x0000000008000660                HAL_NVIC_SetPriorityGrouping
 .text.HAL_NVIC_SetPriority
                0x0000000008000676       0x38 ./Drivers/STM32F1xx_HAL_Driver/Src/stm32f1xx_hal_cortex.o
                0x0000000008000676                HAL_NVIC_SetPriority
 .text.HAL_NVIC_EnableIRQ
                0x00000000080006ae       0x1c ./Drivers/STM32F1xx_HAL_Driver/Src/stm32f1xx_hal_cortex.o
                0x00000000080006ae                HAL_NVIC_EnableIRQ
 .text.HAL_SYSTICK_Config
                0x00000000080006ca       0x18 ./Drivers/STM32F1xx_HAL_Driver/Src/stm32f1xx_hal_cortex.o
                0x00000000080006ca                HAL_SYSTICK_Config
 .text.HAL_PCD_Init
                0x00000000080006e2      0x216 ./Drivers/STM32F1xx_HAL_Driver/Src/stm32f1xx_hal_pcd.o
                0x00000000080006e2                HAL_PCD_Init
 .text.HAL_PCD_Start
                0x00000000080008f8       0x4c ./Drivers/STM32F1xx_HAL_Driver/Src/stm32f1xx_hal_pcd.o
                0x00000000080008f8                HAL_PCD_Start
 .text.HAL_PCD_IRQHandler
                0x0000000008000944      0x2a6 ./Drivers/STM32F1xx_HAL_Driver/Src/stm32f1xx_hal_pcd.o
                0x0000000008000944                HAL_PCD_IRQHandler
 .text.HAL_PCD_SetAddress
                0x0000000008000bea       0x4a ./Drivers/STM32F1xx_HAL_Driver/Src/stm32f1xx_hal_pcd.o
                0x0000000008000bea                HAL_PCD_SetAddress
 .text.HAL_PCD_EP_Open
                0x0000000008000c34       0xcc ./Drivers/STM32F1xx_HAL_Driver/Src/stm32f1xx_hal_pcd.o
                0x0000000008000c34                HAL_PCD_EP_Open
 .text.HAL_PCD_EP_Close
                0x0000000008000d00       0x90 ./Drivers/STM32F1xx_HAL_Driver/Src/stm32f1xx_hal_pcd.o
                0x0000000008000d00                HAL_PCD_EP_Close
 .text.HAL_PCD_EP_Receive
                0x0000000008000d90       0x7a ./Drivers/STM32F1xx_HAL_Driver/Src/stm32f1xx_hal_pcd.o
                0x0000000008000d90                HAL_PCD_EP_Receive
 .text.HAL_PCD_EP_GetRxCount
                0x0000000008000e0a       0x2e ./Drivers/STM32F1xx_HAL_Driver/Src/stm32f1xx_hal_pcd.o
                0x0000000008000e0a                HAL_PCD_EP_GetRxCount
 .text.HAL_PCD_EP_Transmit
                0x0000000008000e38       0x86 ./Drivers/STM32F1xx_HAL_Driver/Src/stm32f1xx_hal_pcd.o
                0x0000000008000e38                HAL_PCD_EP_Transmit
 .text.HAL_PCD_EP_SetStall
                0x0000000008000ebe       0xc0 ./Drivers/STM32F1xx_HAL_Driver/Src/stm32f1xx_hal_pcd.o
                0x0000000008000ebe                HAL_PCD_EP_SetStall
 .text.HAL_PCD_EP_ClrStall
                0x0000000008000f7e       0xa8 ./Drivers/STM32F1xx_HAL_Driver/Src/stm32f1xx_hal_pcd.o
                0x0000000008000f7e                HAL_PCD_EP_ClrStall
 .text.PCD_EP_ISR_Handler
                0x0000000008001026      0x600 ./Drivers/STM32F1xx_HAL_Driver/Src/stm32f1xx_hal_pcd.o
 .text.HAL_PCD_EP_DB_Receive
                0x0000000008001626      0x21a ./Drivers/STM32F1xx_HAL_Driver/Src/stm32f1xx_hal_pcd.o
 .text.HAL_PCD_EP_DB_Transmit
                0x0000000008001840      0x7a4 ./Drivers/STM32F1xx_HAL_Driver/Src/stm32f1xx_hal_pcd.o
 .text.HAL_PCDEx_PMAConfig
                0x0000000008001fe4       0x84 ./Drivers/STM32F1xx_HAL_Driver/Src/stm32f1xx_hal_pcd_ex.o
                0x0000000008001fe4                HAL_PCDEx_PMAConfig
 .text.HAL_RCC_OscConfig
                0x0000000008002068      0x504 ./Drivers/STM32F1xx_HAL_Driver/Src/stm32f1xx_hal_rcc.o
                0x0000000008002068                HAL_RCC_OscConfig
 .text.HAL_RCC_ClockConfig
                0x000000000800256c      0x1d4 ./Drivers/STM32F1xx_HAL_Driver/Src/stm32f1xx_hal_rcc.o
                0x000000000800256c                HAL_RCC_ClockConfig
 .text.HAL_RCC_GetSysClockFreq
                0x0000000008002740       0xbc ./Drivers/STM32F1xx_HAL_Driver/Src/stm32f1xx_hal_rcc.o
                0x0000000008002740                HAL_RCC_GetSysClockFreq
 .text.RCC_Delay
                0x00000000080027fc       0x3c ./Drivers/STM32F1xx_HAL_Driver/Src/stm32f1xx_hal_rcc.o
 .text.HAL_RCCEx_PeriphCLKConfig
                0x0000000008002838      0x16c ./Drivers/STM32F1xx_HAL_Driver/Src/stm32f1xx_hal_rcc_ex.o
                0x0000000008002838                HAL_RCCEx_PeriphCLKConfig
 .text.USB_CoreInit
                0x00000000080029a4       0x20 ./Drivers/STM32F1xx_HAL_Driver/Src/stm32f1xx_ll_usb.o
                0x00000000080029a4                USB_CoreInit
 .text.USB_EnableGlobalInt
                0x00000000080029c4       0x2c ./Drivers/STM32F1xx_HAL_Driver/Src/stm32f1xx_ll_usb.o
                0x00000000080029c4                USB_EnableGlobalInt
 .text.USB_DisableGlobalInt
                0x00000000080029f0       0x34 ./Drivers/STM32F1xx_HAL_Driver/Src/stm32f1xx_ll_usb.o
                0x00000000080029f0                USB_DisableGlobalInt
 .text.USB_SetCurrentMode
                0x0000000008002a24       0x18 ./Drivers/STM32F1xx_HAL_Driver/Src/stm32f1xx_ll_usb.o
                0x0000000008002a24                USB_SetCurrentMode
 .text.USB_DevInit
                0x0000000008002a3c       0x40 ./Drivers/STM32F1xx_HAL_Driver/Src/stm32f1xx_ll_usb.o
                0x0000000008002a3c                USB_DevInit
 .text.USB_ActivateEndpoint
                0x0000000008002a7c      0x6d4 ./Drivers/STM32F1xx_HAL_Driver/Src/stm32f1xx_ll_usb.o
                0x0000000008002a7c                USB_ActivateEndpoint
 .text.USB_DeactivateEndpoint
                0x0000000008003150      0x3d8 ./Drivers/STM32F1xx_HAL_Driver/Src/stm32f1xx_ll_usb.o
                0x0000000008003150                USB_DeactivateEndpoint
 .text.USB_EPStartXfer
                0x0000000008003528     0x1c70 ./Drivers/STM32F1xx_HAL_Driver/Src/stm32f1xx_ll_usb.o
                0x0000000008003528                USB_EPStartXfer
 .text.USB_EPSetStall
                0x0000000008005198       0xa0 ./Drivers/STM32F1xx_HAL_Driver/Src/stm32f1xx_ll_usb.o
                0x0000000008005198                USB_EPSetStall
 .text.USB_EPClearStall
                0x0000000008005238      0x15a ./Drivers/STM32F1xx_HAL_Driver/Src/stm32f1xx_ll_usb.o
                0x0000000008005238                USB_EPClearStall
 .text.USB_SetDevAddress
                0x0000000008005392       0x26 ./Drivers/STM32F1xx_HAL_Driver/Src/stm32f1xx_ll_usb.o
                0x0000000008005392                USB_SetDevAddress
 .text.USB_DevConnect
                0x00000000080053b8       0x14 ./Drivers/STM32F1xx_HAL_Driver/Src/stm32f1xx_ll_usb.o
                0x00000000080053b8                USB_DevConnect
 .text.USB_DevDisconnect
                0x00000000080053cc       0x14 ./Drivers/STM32F1xx_HAL_Driver/Src/stm32f1xx_ll_usb.o
                0x00000000080053cc                USB_DevDisconnect
 .text.USB_ReadInterrupts
                0x00000000080053e0       0x1e ./Drivers/STM32F1xx_HAL_Driver/Src/stm32f1xx_ll_usb.o
                0x00000000080053e0                USB_ReadInterrupts
 .text.USB_EP0_OutStart
                0x00000000080053fe       0x16 ./Drivers/STM32F1xx_HAL_Driver/Src/stm32f1xx_ll_usb.o
                0x00000000080053fe                USB_EP0_OutStart
 .text.USB_WritePMA
                0x0000000008005414       0x8a ./Drivers/STM32F1xx_HAL_Driver/Src/stm32f1xx_ll_usb.o
                0x0000000008005414                USB_WritePMA
 .text.USB_ReadPMA
                0x000000000800549e       0x9e ./Drivers/STM32F1xx_HAL_Driver/Src/stm32f1xx_ll_usb.o
                0x000000000800549e                USB_ReadPMA
 .text.USBD_CDC_Init
                0x000000000800553c       0xf4 ./Middlewares/ST/STM32_USB_Device_Library/Class/CDC/Src/usbd_cdc.o
 .text.USBD_CDC_DeInit
                0x0000000008005630       0x6e ./Middlewares/ST/STM32_USB_Device_Library/Class/CDC/Src/usbd_cdc.o
 .text.USBD_CDC_Setup
                0x000000000800569e      0x146 ./Middlewares/ST/STM32_USB_Device_Library/Class/CDC/Src/usbd_cdc.o
 .text.USBD_CDC_DataIn
                0x00000000080057e4       0xa6 ./Middlewares/ST/STM32_USB_Device_Library/Class/CDC/Src/usbd_cdc.o
 .text.USBD_CDC_DataOut
                0x000000000800588a       0x56 ./Middlewares/ST/STM32_USB_Device_Library/Class/CDC/Src/usbd_cdc.o
 .text.USBD_CDC_EP0_RxReady
                0x00000000080058e0       0x50 ./Middlewares/ST/STM32_USB_Device_Library/Class/CDC/Src/usbd_cdc.o
 .text.USBD_CDC_GetFSCfgDesc
                0x0000000008005930       0x20 ./Middlewares/ST/STM32_USB_Device_Library/Class/CDC/Src/usbd_cdc.o
 .text.USBD_CDC_GetHSCfgDesc
                0x0000000008005950       0x20 ./Middlewares/ST/STM32_USB_Device_Library/Class/CDC/Src/usbd_cdc.o
 .text.USBD_CDC_GetOtherSpeedCfgDesc
                0x0000000008005970       0x20 ./Middlewares/ST/STM32_USB_Device_Library/Class/CDC/Src/usbd_cdc.o
 .text.USBD_CDC_GetDeviceQualifierDescriptor
                0x0000000008005990       0x20 ./Middlewares/ST/STM32_USB_Device_Library/Class/CDC/Src/usbd_cdc.o
                0x0000000008005990                USBD_CDC_GetDeviceQualifierDescriptor
 .text.USBD_CDC_RegisterInterface
                0x00000000080059b0       0x2c ./Middlewares/ST/STM32_USB_Device_Library/Class/CDC/Src/usbd_cdc.o
                0x00000000080059b0                USBD_CDC_RegisterInterface
 .text.USBD_CDC_SetTxBuffer
                0x00000000080059dc       0x32 ./Middlewares/ST/STM32_USB_Device_Library/Class/CDC/Src/usbd_cdc.o
                0x00000000080059dc                USBD_CDC_SetTxBuffer
 .text.USBD_CDC_SetRxBuffer
                0x0000000008005a0e       0x26 ./Middlewares/ST/STM32_USB_Device_Library/Class/CDC/Src/usbd_cdc.o
                0x0000000008005a0e                USBD_CDC_SetRxBuffer
 .text.USBD_CDC_TransmitPacket
                0x0000000008005a34       0x5e ./Middlewares/ST/STM32_USB_Device_Library/Class/CDC/Src/usbd_cdc.o
                0x0000000008005a34                USBD_CDC_TransmitPacket
 .text.USBD_CDC_ReceivePacket
                0x0000000008005a92       0x54 ./Middlewares/ST/STM32_USB_Device_Library/Class/CDC/Src/usbd_cdc.o
                0x0000000008005a92                USBD_CDC_ReceivePacket
 .text.USBD_Init
                0x0000000008005ae6       0x56 ./Middlewares/ST/STM32_USB_Device_Library/Core/Src/usbd_core.o
                0x0000000008005ae6                USBD_Init
 .text.USBD_RegisterClass
                0x0000000008005b3c       0x32 ./Middlewares/ST/STM32_USB_Device_Library/Core/Src/usbd_core.o
                0x0000000008005b3c                USBD_RegisterClass
 .text.USBD_Start
                0x0000000008005b6e       0x18 ./Middlewares/ST/STM32_USB_Device_Library/Core/Src/usbd_core.o
                0x0000000008005b6e                USBD_Start
 .text.USBD_RunTestMode
                0x0000000008005b86       0x14 ./Middlewares/ST/STM32_USB_Device_Library/Core/Src/usbd_core.o
                0x0000000008005b86                USBD_RunTestMode
 .text.USBD_SetClassConfig
                0x0000000008005b9a       0x3e ./Middlewares/ST/STM32_USB_Device_Library/Core/Src/usbd_core.o
                0x0000000008005b9a                USBD_SetClassConfig
 .text.USBD_ClrClassConfig
                0x0000000008005bd8       0x26 ./Middlewares/ST/STM32_USB_Device_Library/Core/Src/usbd_core.o
                0x0000000008005bd8                USBD_ClrClassConfig
 .text.USBD_LL_SetupStage
                0x0000000008005bfe       0x9a ./Middlewares/ST/STM32_USB_Device_Library/Core/Src/usbd_core.o
                0x0000000008005bfe                USBD_LL_SetupStage
 .text.USBD_LL_DataOutStage
                0x0000000008005c98       0xe2 ./Middlewares/ST/STM32_USB_Device_Library/Core/Src/usbd_core.o
                0x0000000008005c98                USBD_LL_DataOutStage
 .text.USBD_LL_DataInStage
                0x0000000008005d7a      0x14a ./Middlewares/ST/STM32_USB_Device_Library/Core/Src/usbd_core.o
                0x0000000008005d7a                USBD_LL_DataInStage
 .text.USBD_LL_Reset
                0x0000000008005ec4       0x82 ./Middlewares/ST/STM32_USB_Device_Library/Core/Src/usbd_core.o
                0x0000000008005ec4                USBD_LL_Reset
 .text.USBD_LL_SetSpeed
                0x0000000008005f46       0x1e ./Middlewares/ST/STM32_USB_Device_Library/Core/Src/usbd_core.o
                0x0000000008005f46                USBD_LL_SetSpeed
 .text.USBD_LL_Suspend
                0x0000000008005f64       0x28 ./Middlewares/ST/STM32_USB_Device_Library/Core/Src/usbd_core.o
                0x0000000008005f64                USBD_LL_Suspend
 .text.USBD_LL_Resume
                0x0000000008005f8c       0x2a ./Middlewares/ST/STM32_USB_Device_Library/Core/Src/usbd_core.o
                0x0000000008005f8c                USBD_LL_Resume
 .text.USBD_LL_SOF
                0x0000000008005fb6       0x34 ./Middlewares/ST/STM32_USB_Device_Library/Core/Src/usbd_core.o
                0x0000000008005fb6                USBD_LL_SOF
 *fill*         0x0000000008005fea        0x2 
 .text.USBD_StdDevReq
                0x0000000008005fec       0xd4 ./Middlewares/ST/STM32_USB_Device_Library/Core/Src/usbd_ctlreq.o
                0x0000000008005fec                USBD_StdDevReq
 .text.USBD_StdItfReq
                0x00000000080060c0       0x90 ./Middlewares/ST/STM32_USB_Device_Library/Core/Src/usbd_ctlreq.o
                0x00000000080060c0                USBD_StdItfReq
 .text.USBD_StdEPReq
                0x0000000008006150      0x2c6 ./Middlewares/ST/STM32_USB_Device_Library/Core/Src/usbd_ctlreq.o
                0x0000000008006150                USBD_StdEPReq
 *fill*         0x0000000008006416        0x2 
 .text.USBD_GetDescriptor
                0x0000000008006418      0x2d0 ./Middlewares/ST/STM32_USB_Device_Library/Core/Src/usbd_ctlreq.o
 .text.USBD_SetAddress
                0x00000000080066e8       0x86 ./Middlewares/ST/STM32_USB_Device_Library/Core/Src/usbd_ctlreq.o
 *fill*         0x000000000800676e        0x2 
 .text.USBD_SetConfig
                0x0000000008006770      0x11c ./Middlewares/ST/STM32_USB_Device_Library/Core/Src/usbd_ctlreq.o
 .text.USBD_GetConfig
                0x000000000800688c       0x6a ./Middlewares/ST/STM32_USB_Device_Library/Core/Src/usbd_ctlreq.o
 .text.USBD_GetStatus
                0x00000000080068f6       0x66 ./Middlewares/ST/STM32_USB_Device_Library/Core/Src/usbd_ctlreq.o
 .text.USBD_SetFeature
                0x000000000800695c       0x28 ./Middlewares/ST/STM32_USB_Device_Library/Core/Src/usbd_ctlreq.o
 .text.USBD_ClrFeature
                0x0000000008006984       0x42 ./Middlewares/ST/STM32_USB_Device_Library/Core/Src/usbd_ctlreq.o
 .text.USBD_ParseSetupRequest
                0x00000000080069c6       0x78 ./Middlewares/ST/STM32_USB_Device_Library/Core/Src/usbd_ctlreq.o
                0x00000000080069c6                USBD_ParseSetupRequest
 .text.USBD_CtlError
                0x0000000008006a3e       0x22 ./Middlewares/ST/STM32_USB_Device_Library/Core/Src/usbd_ctlreq.o
                0x0000000008006a3e                USBD_CtlError
 .text.USBD_GetString
                0x0000000008006a60       0x84 ./Middlewares/ST/STM32_USB_Device_Library/Core/Src/usbd_ctlreq.o
                0x0000000008006a60                USBD_GetString
 .text.USBD_GetLen
                0x0000000008006ae4       0x2e ./Middlewares/ST/STM32_USB_Device_Library/Core/Src/usbd_ctlreq.o
 .text.USBD_CtlSendData
                0x0000000008006b12       0x38 ./Middlewares/ST/STM32_USB_Device_Library/Core/Src/usbd_ioreq.o
                0x0000000008006b12                USBD_CtlSendData
 .text.USBD_CtlContinueSendData
                0x0000000008006b4a       0x24 ./Middlewares/ST/STM32_USB_Device_Library/Core/Src/usbd_ioreq.o
                0x0000000008006b4a                USBD_CtlContinueSendData
 .text.USBD_CtlPrepareRx
                0x0000000008006b6e       0x3c ./Middlewares/ST/STM32_USB_Device_Library/Core/Src/usbd_ioreq.o
                0x0000000008006b6e                USBD_CtlPrepareRx
 .text.USBD_CtlContinueRx
                0x0000000008006baa       0x24 ./Middlewares/ST/STM32_USB_Device_Library/Core/Src/usbd_ioreq.o
                0x0000000008006baa                USBD_CtlContinueRx
 .text.USBD_CtlSendStatus
                0x0000000008006bce       0x26 ./Middlewares/ST/STM32_USB_Device_Library/Core/Src/usbd_ioreq.o
                0x0000000008006bce                USBD_CtlSendStatus
 .text.USBD_CtlReceiveStatus
                0x0000000008006bf4       0x26 ./Middlewares/ST/STM32_USB_Device_Library/Core/Src/usbd_ioreq.o
                0x0000000008006bf4                USBD_CtlReceiveStatus
 *fill*         0x0000000008006c1a        0x2 
 .text.MX_USB_DEVICE_Init
                0x0000000008006c1c       0x60 ./USB_DEVICE/App/usb_device.o
                0x0000000008006c1c                MX_USB_DEVICE_Init
 .text.CDC_Init_FS
                0x0000000008006c7c       0x28 ./USB_DEVICE/App/usbd_cdc_if.o
 .text.CDC_DeInit_FS
                0x0000000008006ca4        0xe ./USB_DEVICE/App/usbd_cdc_if.o
 *fill*         0x0000000008006cb2        0x2 
 .text.CDC_Control_FS
                0x0000000008006cb4       0xbc ./USB_DEVICE/App/usbd_cdc_if.o
 .text.CDC_Receive_FS
                0x0000000008006d70       0x54 ./USB_DEVICE/App/usbd_cdc_if.o
 .text.CDC_Transmit_FS
                0x0000000008006dc4       0x4c ./USB_DEVICE/App/usbd_cdc_if.o
                0x0000000008006dc4                CDC_Transmit_FS
 .text.USBD_FS_DeviceDescriptor
                0x0000000008006e10       0x24 ./USB_DEVICE/App/usbd_desc.o
                0x0000000008006e10                USBD_FS_DeviceDescriptor
 .text.USBD_FS_LangIDStrDescriptor
                0x0000000008006e34       0x24 ./USB_DEVICE/App/usbd_desc.o
                0x0000000008006e34                USBD_FS_LangIDStrDescriptor
 .text.USBD_FS_ProductStrDescriptor
                0x0000000008006e58       0x3c ./USB_DEVICE/App/usbd_desc.o
                0x0000000008006e58                USBD_FS_ProductStrDescriptor
 .text.USBD_FS_ManufacturerStrDescriptor
                0x0000000008006e94       0x28 ./USB_DEVICE/App/usbd_desc.o
                0x0000000008006e94                USBD_FS_ManufacturerStrDescriptor
 .text.USBD_FS_SerialStrDescriptor
                0x0000000008006ebc       0x24 ./USB_DEVICE/App/usbd_desc.o
                0x0000000008006ebc                USBD_FS_SerialStrDescriptor
 .text.USBD_FS_ConfigStrDescriptor
                0x0000000008006ee0       0x3c ./USB_DEVICE/App/usbd_desc.o
                0x0000000008006ee0                USBD_FS_ConfigStrDescriptor
 .text.USBD_FS_InterfaceStrDescriptor
                0x0000000008006f1c       0x3c ./USB_DEVICE/App/usbd_desc.o
                0x0000000008006f1c                USBD_FS_InterfaceStrDescriptor
 .text.Get_SerialNum
                0x0000000008006f58       0x58 ./USB_DEVICE/App/usbd_desc.o
 .text.IntToUnicode
                0x0000000008006fb0       0x7c ./USB_DEVICE/App/usbd_desc.o
 .text.HAL_PCD_MspInit
                0x000000000800702c       0x4c ./USB_DEVICE/Target/usbd_conf.o
                0x000000000800702c                HAL_PCD_MspInit
 .text.HAL_PCD_SetupStageCallback
                0x0000000008007078       0x24 ./USB_DEVICE/Target/usbd_conf.o
                0x0000000008007078                HAL_PCD_SetupStageCallback
 .text.HAL_PCD_DataOutStageCallback
                0x000000000800709c       0x36 ./USB_DEVICE/Target/usbd_conf.o
                0x000000000800709c                HAL_PCD_DataOutStageCallback
 .text.HAL_PCD_DataInStageCallback
                0x00000000080070d2       0x34 ./USB_DEVICE/Target/usbd_conf.o
                0x00000000080070d2                HAL_PCD_DataInStageCallback
 .text.HAL_PCD_SOFCallback
                0x0000000008007106       0x1c ./USB_DEVICE/Target/usbd_conf.o
                0x0000000008007106                HAL_PCD_SOFCallback
 .text.HAL_PCD_ResetCallback
                0x0000000008007122       0x3c ./USB_DEVICE/Target/usbd_conf.o
                0x0000000008007122                HAL_PCD_ResetCallback
 *fill*         0x000000000800715e        0x2 
 .text.HAL_PCD_SuspendCallback
                0x0000000008007160       0x34 ./USB_DEVICE/Target/usbd_conf.o
                0x0000000008007160                HAL_PCD_SuspendCallback
 .text.HAL_PCD_ResumeCallback
                0x0000000008007194       0x1c ./USB_DEVICE/Target/usbd_conf.o
                0x0000000008007194                HAL_PCD_ResumeCallback
 .text.USBD_LL_Init
                0x00000000080071b0       0xb4 ./USB_DEVICE/Target/usbd_conf.o
                0x00000000080071b0                USBD_LL_Init
 .text.USBD_LL_Start
                0x0000000008007264       0x36 ./USB_DEVICE/Target/usbd_conf.o
                0x0000000008007264                USBD_LL_Start
 .text.USBD_LL_OpenEP
                0x000000000800729a       0x4c ./USB_DEVICE/Target/usbd_conf.o
                0x000000000800729a                USBD_LL_OpenEP
 .text.USBD_LL_CloseEP
                0x00000000080072e6       0x3e ./USB_DEVICE/Target/usbd_conf.o
                0x00000000080072e6                USBD_LL_CloseEP
 .text.USBD_LL_StallEP
                0x0000000008007324       0x3e ./USB_DEVICE/Target/usbd_conf.o
                0x0000000008007324                USBD_LL_StallEP
 .text.USBD_LL_ClearStallEP
                0x0000000008007362       0x3e ./USB_DEVICE/Target/usbd_conf.o
                0x0000000008007362                USBD_LL_ClearStallEP
 .text.USBD_LL_IsStallEP
                0x00000000080073a0       0x58 ./USB_DEVICE/Target/usbd_conf.o
                0x00000000080073a0                USBD_LL_IsStallEP
 .text.USBD_LL_SetUSBAddress
                0x00000000080073f8       0x3e ./USB_DEVICE/Target/usbd_conf.o
                0x00000000080073f8                USBD_LL_SetUSBAddress
 .text.USBD_LL_Transmit
                0x0000000008007436       0x46 ./USB_DEVICE/Target/usbd_conf.o
                0x0000000008007436                USBD_LL_Transmit
 .text.USBD_LL_PrepareReceive
                0x000000000800747c       0x46 ./USB_DEVICE/Target/usbd_conf.o
                0x000000000800747c                USBD_LL_PrepareReceive
 .text.USBD_LL_GetRxDataSize
                0x00000000080074c2       0x26 ./USB_DEVICE/Target/usbd_conf.o
                0x00000000080074c2                USBD_LL_GetRxDataSize
 .text.USBD_static_malloc
                0x00000000080074e8       0x18 ./USB_DEVICE/Target/usbd_conf.o
                0x00000000080074e8                USBD_static_malloc
 .text.USBD_static_free
                0x0000000008007500       0x12 ./USB_DEVICE/Target/usbd_conf.o
                0x0000000008007500                USBD_static_free
 .text.HAL_PCDEx_SetConnectionState
                0x0000000008007512       0x16 ./USB_DEVICE/Target/usbd_conf.o
                0x0000000008007512                HAL_PCDEx_SetConnectionState
 .text.USBD_Get_USB_Status
                0x0000000008007528       0x58 ./USB_DEVICE/Target/usbd_conf.o
 .text.__libc_init_array
                0x0000000008007580       0x48 c:/st/stm32cubeide_1.9.0/stm32cubeide/plugins/com.st.stm32cube.ide.mcu.externaltools.gnu-tools-for-stm32.10.3-2021.10.win32_1.0.0.202111181127/tools/bin/../lib/gcc/arm-none-eabi/10.3.1/../../../../arm-none-eabi/lib/thumb/v7-m/nofp\libc_nano.a(lib_a-init.o)
                0x0000000008007580                __libc_init_array
 .text.memcpy   0x00000000080075c8       0x1c c:/st/stm32cubeide_1.9.0/stm32cubeide/plugins/com.st.stm32cube.ide.mcu.externaltools.gnu-tools-for-stm32.10.3-2021.10.win32_1.0.0.202111181127/tools/bin/../lib/gcc/arm-none-eabi/10.3.1/../../../../arm-none-eabi/lib/thumb/v7-m/nofp\libc_nano.a(lib_a-memcpy-stub.o)
                0x00000000080075c8                memcpy
 .text.memset   0x00000000080075e4       0x10 c:/st/stm32cubeide_1.9.0/stm32cubeide/plugins/com.st.stm32cube.ide.mcu.externaltools.gnu-tools-for-stm32.10.3-2021.10.win32_1.0.0.202111181127/tools/bin/../lib/gcc/arm-none-eabi/10.3.1/../../../../arm-none-eabi/lib/thumb/v7-m/nofp\libc_nano.a(lib_a-memset.o)
                0x00000000080075e4                memset
 *(.glue_7)
 .glue_7        0x00000000080075f4        0x0 linker stubs
 *(.glue_7t)
 .glue_7t       0x00000000080075f4        0x0 linker stubs
 *(.eh_frame)
 .eh_frame      0x00000000080075f4        0x0 c:/st/stm32cubeide_1.9.0/stm32cubeide/plugins/com.st.stm32cube.ide.mcu.externaltools.gnu-tools-for-stm32.10.3-2021.10.win32_1.0.0.202111181127/tools/bin/../lib/gcc/arm-none-eabi/10.3.1/thumb/v7-m/nofp/crtbegin.o
 *(.init)
 .init          0x00000000080075f4        0x4 c:/st/stm32cubeide_1.9.0/stm32cubeide/plugins/com.st.stm32cube.ide.mcu.externaltools.gnu-tools-for-stm32.10.3-2021.10.win32_1.0.0.202111181127/tools/bin/../lib/gcc/arm-none-eabi/10.3.1/thumb/v7-m/nofp/crti.o
                0x00000000080075f4                _init
 .init          0x00000000080075f8        0x8 c:/st/stm32cubeide_1.9.0/stm32cubeide/plugins/com.st.stm32cube.ide.mcu.externaltools.gnu-tools-for-stm32.10.3-2021.10.win32_1.0.0.202111181127/tools/bin/../lib/gcc/arm-none-eabi/10.3.1/thumb/v7-m/nofp/crtn.o
 *(.fini)
 .fini          0x0000000008007600        0x4 c:/st/stm32cubeide_1.9.0/stm32cubeide/plugins/com.st.stm32cube.ide.mcu.externaltools.gnu-tools-for-stm32.10.3-2021.10.win32_1.0.0.202111181127/tools/bin/../lib/gcc/arm-none-eabi/10.3.1/thumb/v7-m/nofp/crti.o
                0x0000000008007600                _fini
 .fini          0x0000000008007604        0x8 c:/st/stm32cubeide_1.9.0/stm32cubeide/plugins/com.st.stm32cube.ide.mcu.externaltools.gnu-tools-for-stm32.10.3-2021.10.win32_1.0.0.202111181127/tools/bin/../lib/gcc/arm-none-eabi/10.3.1/thumb/v7-m/nofp/crtn.o
                0x000000000800760c                . = ALIGN (0x4)
                0x000000000800760c                _etext = .

.vfp11_veneer   0x000000000800760c        0x0
 .vfp11_veneer  0x000000000800760c        0x0 linker stubs

.v4_bx          0x000000000800760c        0x0
 .v4_bx         0x000000000800760c        0x0 linker stubs

.iplt           0x000000000800760c        0x0
 .iplt          0x000000000800760c        0x0 c:/st/stm32cubeide_1.9.0/stm32cubeide/plugins/com.st.stm32cube.ide.mcu.externaltools.gnu-tools-for-stm32.10.3-2021.10.win32_1.0.0.202111181127/tools/bin/../lib/gcc/arm-none-eabi/10.3.1/thumb/v7-m/nofp/crtbegin.o

.rodata         0x000000000800760c       0x6c
                0x000000000800760c                . = ALIGN (0x4)
 *(.rodata)
 .rodata        0x000000000800760c        0x7 ./Core/Src/main.o
 *fill*         0x0000000008007613        0x1 
 .rodata        0x0000000008007614       0x10 ./Drivers/STM32F1xx_HAL_Driver/Src/stm32f1xx_hal_rcc.o
 .rodata        0x0000000008007624       0x42 ./USB_DEVICE/App/usbd_desc.o
 *(.rodata*)
 *fill*         0x0000000008007666        0x2 
 .rodata.AHBPrescTable
                0x0000000008007668       0x10 ./Core/Src/system_stm32f1xx.o
                0x0000000008007668                AHBPrescTable
                0x0000000008007678                . = ALIGN (0x4)

.rel.dyn        0x0000000008007678        0x0
 .rel.iplt      0x0000000008007678        0x0 c:/st/stm32cubeide_1.9.0/stm32cubeide/plugins/com.st.stm32cube.ide.mcu.externaltools.gnu-tools-for-stm32.10.3-2021.10.win32_1.0.0.202111181127/tools/bin/../lib/gcc/arm-none-eabi/10.3.1/thumb/v7-m/nofp/crtbegin.o

.ARM.extab      0x0000000008007678        0x0
                0x0000000008007678                . = ALIGN (0x4)
 *(.ARM.extab* .gnu.linkonce.armextab.*)
                0x0000000008007678                . = ALIGN (0x4)

.ARM            0x0000000008007678        0x0
                0x0000000008007678                . = ALIGN (0x4)
                0x0000000008007678                __exidx_start = .
 *(.ARM.exidx*)
                0x0000000008007678                __exidx_end = .
                0x0000000008007678                . = ALIGN (0x4)

.preinit_array  0x0000000008007678        0x0
                0x0000000008007678                . = ALIGN (0x4)
                0x0000000008007678                PROVIDE (__preinit_array_start = .)
 *(.preinit_array*)
                0x0000000008007678                PROVIDE (__preinit_array_end = .)
                0x0000000008007678                . = ALIGN (0x4)

.init_array     0x0000000008007678        0x4
                0x0000000008007678                . = ALIGN (0x4)
                0x0000000008007678                PROVIDE (__init_array_start = .)
 *(SORT_BY_NAME(.init_array.*))
 *(.init_array*)
 .init_array    0x0000000008007678        0x4 c:/st/stm32cubeide_1.9.0/stm32cubeide/plugins/com.st.stm32cube.ide.mcu.externaltools.gnu-tools-for-stm32.10.3-2021.10.win32_1.0.0.202111181127/tools/bin/../lib/gcc/arm-none-eabi/10.3.1/thumb/v7-m/nofp/crtbegin.o
                0x000000000800767c                PROVIDE (__init_array_end = .)
                0x000000000800767c                . = ALIGN (0x4)

.fini_array     0x000000000800767c        0x4
                0x000000000800767c                . = ALIGN (0x4)
                [!provide]                        PROVIDE (__fini_array_start = .)
 *(SORT_BY_NAME(.fini_array.*))
 *(.fini_array*)
 .fini_array    0x000000000800767c        0x4 c:/st/stm32cubeide_1.9.0/stm32cubeide/plugins/com.st.stm32cube.ide.mcu.externaltools.gnu-tools-for-stm32.10.3-2021.10.win32_1.0.0.202111181127/tools/bin/../lib/gcc/arm-none-eabi/10.3.1/thumb/v7-m/nofp/crtbegin.o
                [!provide]                        PROVIDE (__fini_array_end = .)
                0x0000000008007680                . = ALIGN (0x4)
                0x0000000008007680                _sidata = LOADADDR (.data)

.data           0x0000000020000000      0x180 load address 0x0000000008007680
                0x0000000020000000                . = ALIGN (0x4)
                0x0000000020000000                _sdata = .
 *(.data)
 *(.data*)
 .data.temp_1   0x0000000020000000        0x4 ./Core/Src/main.o
                0x0000000020000000                temp_1
 .data.SystemCoreClock
                0x0000000020000004        0x4 ./Core/Src/system_stm32f1xx.o
                0x0000000020000004                SystemCoreClock
 .data.uwTickPrio
                0x0000000020000008        0x4 ./Drivers/STM32F1xx_HAL_Driver/Src/stm32f1xx_hal.o
                0x0000000020000008                uwTickPrio
 .data.uwTickFreq
                0x000000002000000c        0x1 ./Drivers/STM32F1xx_HAL_Driver/Src/stm32f1xx_hal.o
                0x000000002000000c                uwTickFreq
 *fill*         0x000000002000000d        0x3 
 .data.USBD_CDC_DeviceQualifierDesc
                0x0000000020000010        0xa ./Middlewares/ST/STM32_USB_Device_Library/Class/CDC/Src/usbd_cdc.o
 *fill*         0x000000002000001a        0x2 
 .data.USBD_CDC
                0x000000002000001c       0x38 ./Middlewares/ST/STM32_USB_Device_Library/Class/CDC/Src/usbd_cdc.o
                0x000000002000001c                USBD_CDC
 .data.USBD_CDC_CfgHSDesc
                0x0000000020000054       0x43 ./Middlewares/ST/STM32_USB_Device_Library/Class/CDC/Src/usbd_cdc.o
                0x0000000020000054                USBD_CDC_CfgHSDesc
 *fill*         0x0000000020000097        0x1 
 .data.USBD_CDC_CfgFSDesc
                0x0000000020000098       0x43 ./Middlewares/ST/STM32_USB_Device_Library/Class/CDC/Src/usbd_cdc.o
                0x0000000020000098                USBD_CDC_CfgFSDesc
 *fill*         0x00000000200000db        0x1 
 .data.USBD_CDC_OtherSpeedCfgDesc
                0x00000000200000dc       0x43 ./Middlewares/ST/STM32_USB_Device_Library/Class/CDC/Src/usbd_cdc.o
                0x00000000200000dc                USBD_CDC_OtherSpeedCfgDesc
 *fill*         0x000000002000011f        0x1 
 .data.USBD_Interface_fops_FS
                0x0000000020000120       0x10 ./USB_DEVICE/App/usbd_cdc_if.o
                0x0000000020000120                USBD_Interface_fops_FS
 .data.FS_Desc  0x0000000020000130       0x1c ./USB_DEVICE/App/usbd_desc.o
                0x0000000020000130                FS_Desc
 .data.USBD_FS_DeviceDesc
                0x000000002000014c       0x12 ./USB_DEVICE/App/usbd_desc.o
                0x000000002000014c                USBD_FS_DeviceDesc
 *fill*         0x000000002000015e        0x2 
 .data.USBD_LangIDDesc
                0x0000000020000160        0x4 ./USB_DEVICE/App/usbd_desc.o
                0x0000000020000160                USBD_LangIDDesc
 .data.USBD_StringSerial
                0x0000000020000164       0x1a ./USB_DEVICE/App/usbd_desc.o
                0x0000000020000164                USBD_StringSerial
 *(.RamFunc)
 *(.RamFunc*)
                0x0000000020000180                . = ALIGN (0x4)
 *fill*         0x000000002000017e        0x2 
                0x0000000020000180                _edata = .

.igot.plt       0x0000000020000180        0x0 load address 0x0000000008007800
 .igot.plt      0x0000000020000180        0x0 c:/st/stm32cubeide_1.9.0/stm32cubeide/plugins/com.st.stm32cube.ide.mcu.externaltools.gnu-tools-for-stm32.10.3-2021.10.win32_1.0.0.202111181127/tools/bin/../lib/gcc/arm-none-eabi/10.3.1/thumb/v7-m/nofp/crtbegin.o
                0x0000000020000180                . = ALIGN (0x4)

.bss            0x0000000020000180     0x1234 load address 0x0000000008007800
                0x0000000020000180                _sbss = .
                0x0000000020000180                __bss_start__ = _sbss
 *(.bss)
 .bss           0x0000000020000180       0x1c c:/st/stm32cubeide_1.9.0/stm32cubeide/plugins/com.st.stm32cube.ide.mcu.externaltools.gnu-tools-for-stm32.10.3-2021.10.win32_1.0.0.202111181127/tools/bin/../lib/gcc/arm-none-eabi/10.3.1/thumb/v7-m/nofp/crtbegin.o
 *(.bss*)
 .bss.temp_2    0x000000002000019c       0x40 ./Core/Src/main.o
                0x000000002000019c                temp_2
 .bss.uwTick    0x00000000200001dc        0x4 ./Drivers/STM32F1xx_HAL_Driver/Src/stm32f1xx_hal.o
                0x00000000200001dc                uwTick
 .bss.cfgidx.0  0x00000000200001e0        0x1 ./Middlewares/ST/STM32_USB_Device_Library/Core/Src/usbd_ctlreq.o
 *fill*         0x00000000200001e1        0x3 
 .bss.hUsbDeviceFS
                0x00000000200001e4      0x2c4 ./USB_DEVICE/App/usb_device.o
                0x00000000200001e4                hUsbDeviceFS
 .bss.UserRxBufferFS
                0x00000000200004a8      0x400 ./USB_DEVICE/App/usbd_cdc_if.o
                0x00000000200004a8                UserRxBufferFS
 .bss.UserTxBufferFS
                0x00000000200008a8      0x400 ./USB_DEVICE/App/usbd_cdc_if.o
                0x00000000200008a8                UserTxBufferFS
 .bss.USBD_StrDesc
                0x0000000020000ca8      0x200 ./USB_DEVICE/App/usbd_desc.o
                0x0000000020000ca8                USBD_StrDesc
 .bss.hpcd_USB_FS
                0x0000000020000ea8      0x2ec ./USB_DEVICE/Target/usbd_conf.o
                0x0000000020000ea8                hpcd_USB_FS
 .bss.mem.0     0x0000000020001194      0x220 ./USB_DEVICE/Target/usbd_conf.o
 *(COMMON)
                0x00000000200013b4                . = ALIGN (0x4)
                0x00000000200013b4                _ebss = .
                0x00000000200013b4                __bss_end__ = _ebss

._user_heap_stack
                0x00000000200013b4      0x604 load address 0x0000000008007800
                0x00000000200013b8                . = ALIGN (0x8)
 *fill*         0x00000000200013b4        0x4 
                [!provide]                        PROVIDE (end = .)
                0x00000000200013b8                PROVIDE (_end = .)
                0x00000000200015b8                . = (. + _Min_Heap_Size)
 *fill*         0x00000000200013b8      0x200 
                0x00000000200019b8                . = (. + _Min_Stack_Size)
 *fill*         0x00000000200015b8      0x400 
                0x00000000200019b8                . = ALIGN (0x8)

/DISCARD/
 libc.a(*)
 libm.a(*)
 libgcc.a(*)

.ARM.attributes
                0x0000000000000000       0x29
 *(.ARM.attributes)
 .ARM.attributes
                0x0000000000000000       0x1d c:/st/stm32cubeide_1.9.0/stm32cubeide/plugins/com.st.stm32cube.ide.mcu.externaltools.gnu-tools-for-stm32.10.3-2021.10.win32_1.0.0.202111181127/tools/bin/../lib/gcc/arm-none-eabi/10.3.1/thumb/v7-m/nofp/crti.o
 .ARM.attributes
                0x000000000000001d       0x2d c:/st/stm32cubeide_1.9.0/stm32cubeide/plugins/com.st.stm32cube.ide.mcu.externaltools.gnu-tools-for-stm32.10.3-2021.10.win32_1.0.0.202111181127/tools/bin/../lib/gcc/arm-none-eabi/10.3.1/thumb/v7-m/nofp/crtbegin.o
 .ARM.attributes
                0x000000000000004a       0x2d ./Core/Src/main.o
 .ARM.attributes
                0x0000000000000077       0x2d ./Core/Src/stm32f1xx_hal_msp.o
 .ARM.attributes
                0x00000000000000a4       0x2d ./Core/Src/stm32f1xx_it.o
 .ARM.attributes
                0x00000000000000d1       0x2d ./Core/Src/system_stm32f1xx.o
 .ARM.attributes
                0x00000000000000fe       0x21 ./Core/Startup/startup_stm32f103c8tx.o
 .ARM.attributes
                0x000000000000011f       0x2d ./Drivers/STM32F1xx_HAL_Driver/Src/stm32f1xx_hal.o
 .ARM.attributes
                0x000000000000014c       0x2d ./Drivers/STM32F1xx_HAL_Driver/Src/stm32f1xx_hal_cortex.o
 .ARM.attributes
                0x0000000000000179       0x2d ./Drivers/STM32F1xx_HAL_Driver/Src/stm32f1xx_hal_pcd.o
 .ARM.attributes
                0x00000000000001a6       0x2d ./Drivers/STM32F1xx_HAL_Driver/Src/stm32f1xx_hal_pcd_ex.o
 .ARM.attributes
                0x00000000000001d3       0x2d ./Drivers/STM32F1xx_HAL_Driver/Src/stm32f1xx_hal_rcc.o
 .ARM.attributes
                0x0000000000000200       0x2d ./Drivers/STM32F1xx_HAL_Driver/Src/stm32f1xx_hal_rcc_ex.o
 .ARM.attributes
                0x000000000000022d       0x2d ./Drivers/STM32F1xx_HAL_Driver/Src/stm32f1xx_ll_usb.o
 .ARM.attributes
                0x000000000000025a       0x2d ./Middlewares/ST/STM32_USB_Device_Library/Class/CDC/Src/usbd_cdc.o
 .ARM.attributes
                0x0000000000000287       0x2d ./Middlewares/ST/STM32_USB_Device_Library/Core/Src/usbd_core.o
 .ARM.attributes
                0x00000000000002b4       0x2d ./Middlewares/ST/STM32_USB_Device_Library/Core/Src/usbd_ctlreq.o
 .ARM.attributes
                0x00000000000002e1       0x2d ./Middlewares/ST/STM32_USB_Device_Library/Core/Src/usbd_ioreq.o
 .ARM.attributes
                0x000000000000030e       0x2d ./USB_DEVICE/App/usb_device.o
 .ARM.attributes
                0x000000000000033b       0x2d ./USB_DEVICE/App/usbd_cdc_if.o
 .ARM.attributes
                0x0000000000000368       0x2d ./USB_DEVICE/App/usbd_desc.o
 .ARM.attributes
                0x0000000000000395       0x2d ./USB_DEVICE/Target/usbd_conf.o
 .ARM.attributes
                0x00000000000003c2       0x2d c:/st/stm32cubeide_1.9.0/stm32cubeide/plugins/com.st.stm32cube.ide.mcu.externaltools.gnu-tools-for-stm32.10.3-2021.10.win32_1.0.0.202111181127/tools/bin/../lib/gcc/arm-none-eabi/10.3.1/../../../../arm-none-eabi/lib/thumb/v7-m/nofp\libc_nano.a(lib_a-init.o)
 .ARM.attributes
                0x00000000000003ef       0x2d c:/st/stm32cubeide_1.9.0/stm32cubeide/plugins/com.st.stm32cube.ide.mcu.externaltools.gnu-tools-for-stm32.10.3-2021.10.win32_1.0.0.202111181127/tools/bin/../lib/gcc/arm-none-eabi/10.3.1/../../../../arm-none-eabi/lib/thumb/v7-m/nofp\libc_nano.a(lib_a-memcpy-stub.o)
 .ARM.attributes
                0x000000000000041c       0x2d c:/st/stm32cubeide_1.9.0/stm32cubeide/plugins/com.st.stm32cube.ide.mcu.externaltools.gnu-tools-for-stm32.10.3-2021.10.win32_1.0.0.202111181127/tools/bin/../lib/gcc/arm-none-eabi/10.3.1/../../../../arm-none-eabi/lib/thumb/v7-m/nofp\libc_nano.a(lib_a-memset.o)
 .ARM.attributes
                0x0000000000000449       0x17 c:/st/stm32cubeide_1.9.0/stm32cubeide/plugins/com.st.stm32cube.ide.mcu.externaltools.gnu-tools-for-stm32.10.3-2021.10.win32_1.0.0.202111181127/tools/bin/../lib/gcc/arm-none-eabi/10.3.1/../../../../arm-none-eabi/lib/thumb/v7-m/nofp\libc_nano.a(lib_a-strlen.o)
 .ARM.attributes
                0x0000000000000460       0x1d c:/st/stm32cubeide_1.9.0/stm32cubeide/plugins/com.st.stm32cube.ide.mcu.externaltools.gnu-tools-for-stm32.10.3-2021.10.win32_1.0.0.202111181127/tools/bin/../lib/gcc/arm-none-eabi/10.3.1/thumb/v7-m/nofp/crtn.o
OUTPUT(usb testing.elf elf32-littlearm)
LOAD linker stubs
LOAD c:/st/stm32cubeide_1.9.0/stm32cubeide/plugins/com.st.stm32cube.ide.mcu.externaltools.gnu-tools-for-stm32.10.3-2021.10.win32_1.0.0.202111181127/tools/bin/../lib/gcc/arm-none-eabi/10.3.1/../../../../arm-none-eabi/lib/thumb/v7-m/nofp\libc.a
LOAD c:/st/stm32cubeide_1.9.0/stm32cubeide/plugins/com.st.stm32cube.ide.mcu.externaltools.gnu-tools-for-stm32.10.3-2021.10.win32_1.0.0.202111181127/tools/bin/../lib/gcc/arm-none-eabi/10.3.1/../../../../arm-none-eabi/lib/thumb/v7-m/nofp\libm.a
LOAD c:/st/stm32cubeide_1.9.0/stm32cubeide/plugins/com.st.stm32cube.ide.mcu.externaltools.gnu-tools-for-stm32.10.3-2021.10.win32_1.0.0.202111181127/tools/bin/../lib/gcc/arm-none-eabi/10.3.1/thumb/v7-m/nofp\libgcc.a

.debug_info     0x0000000000000000     0xbec5
 .debug_info    0x0000000000000000      0x4ea ./Core/Src/main.o
 .debug_info    0x00000000000004ea      0x210 ./Core/Src/stm32f1xx_hal_msp.o
 .debug_info    0x00000000000006fa      0x661 ./Core/Src/stm32f1xx_it.o
 .debug_info    0x0000000000000d5b      0x23d ./Core/Src/system_stm32f1xx.o
 .debug_info    0x0000000000000f98       0x22 ./Core/Startup/startup_stm32f103c8tx.o
 .debug_info    0x0000000000000fba      0x734 ./Drivers/STM32F1xx_HAL_Driver/Src/stm32f1xx_hal.o
 .debug_info    0x00000000000016ee      0xb20 ./Drivers/STM32F1xx_HAL_Driver/Src/stm32f1xx_hal_cortex.o
 .debug_info    0x000000000000220e     0x16ab ./Drivers/STM32F1xx_HAL_Driver/Src/stm32f1xx_hal_pcd.o
 .debug_info    0x00000000000038b9      0x728 ./Drivers/STM32F1xx_HAL_Driver/Src/stm32f1xx_hal_pcd_ex.o
 .debug_info    0x0000000000003fe1      0x860 ./Drivers/STM32F1xx_HAL_Driver/Src/stm32f1xx_hal_rcc.o
 .debug_info    0x0000000000004841      0x3e0 ./Drivers/STM32F1xx_HAL_Driver/Src/stm32f1xx_hal_rcc_ex.o
 .debug_info    0x0000000000004c21     0x190d ./Drivers/STM32F1xx_HAL_Driver/Src/stm32f1xx_ll_usb.o
 .debug_info    0x000000000000652e     0x10f1 ./Middlewares/ST/STM32_USB_Device_Library/Class/CDC/Src/usbd_cdc.o
 .debug_info    0x000000000000761f      0xb02 ./Middlewares/ST/STM32_USB_Device_Library/Core/Src/usbd_core.o
 .debug_info    0x0000000000008121      0x9b6 ./Middlewares/ST/STM32_USB_Device_Library/Core/Src/usbd_ctlreq.o
 .debug_info    0x0000000000008ad7      0x715 ./Middlewares/ST/STM32_USB_Device_Library/Core/Src/usbd_ioreq.o
 .debug_info    0x00000000000091ec      0x679 ./USB_DEVICE/App/usb_device.o
 .debug_info    0x0000000000009865      0x8a7 ./USB_DEVICE/App/usbd_cdc_if.o
 .debug_info    0x000000000000a10c      0x484 ./USB_DEVICE/App/usbd_desc.o
 .debug_info    0x000000000000a590     0x1935 ./USB_DEVICE/Target/usbd_conf.o

.debug_abbrev   0x0000000000000000     0x2695
 .debug_abbrev  0x0000000000000000      0x21b ./Core/Src/main.o
 .debug_abbrev  0x000000000000021b       0xd4 ./Core/Src/stm32f1xx_hal_msp.o
 .debug_abbrev  0x00000000000002ef      0x188 ./Core/Src/stm32f1xx_it.o
 .debug_abbrev  0x0000000000000477      0x13b ./Core/Src/system_stm32f1xx.o
 .debug_abbrev  0x00000000000005b2       0x12 ./Core/Startup/startup_stm32f103c8tx.o
 .debug_abbrev  0x00000000000005c4      0x1fb ./Drivers/STM32F1xx_HAL_Driver/Src/stm32f1xx_hal.o
 .debug_abbrev  0x00000000000007bf      0x2ed ./Drivers/STM32F1xx_HAL_Driver/Src/stm32f1xx_hal_cortex.o
 .debug_abbrev  0x0000000000000aac      0x2b9 ./Drivers/STM32F1xx_HAL_Driver/Src/stm32f1xx_hal_pcd.o
 .debug_abbrev  0x0000000000000d65      0x17f ./Drivers/STM32F1xx_HAL_Driver/Src/stm32f1xx_hal_pcd_ex.o
 .debug_abbrev  0x0000000000000ee4      0x2a8 ./Drivers/STM32F1xx_HAL_Driver/Src/stm32f1xx_hal_rcc.o
 .debug_abbrev  0x000000000000118c      0x182 ./Drivers/STM32F1xx_HAL_Driver/Src/stm32f1xx_hal_rcc_ex.o
 .debug_abbrev  0x000000000000130e      0x1cd ./Drivers/STM32F1xx_HAL_Driver/Src/stm32f1xx_ll_usb.o
 .debug_abbrev  0x00000000000014db      0x2c0 ./Middlewares/ST/STM32_USB_Device_Library/Class/CDC/Src/usbd_cdc.o
 .debug_abbrev  0x000000000000179b      0x236 ./Middlewares/ST/STM32_USB_Device_Library/Core/Src/usbd_core.o
 .debug_abbrev  0x00000000000019d1      0x257 ./Middlewares/ST/STM32_USB_Device_Library/Core/Src/usbd_ctlreq.o
 .debug_abbrev  0x0000000000001c28      0x183 ./Middlewares/ST/STM32_USB_Device_Library/Core/Src/usbd_ioreq.o
 .debug_abbrev  0x0000000000001dab      0x183 ./USB_DEVICE/App/usb_device.o
 .debug_abbrev  0x0000000000001f2e      0x268 ./USB_DEVICE/App/usbd_cdc_if.o
 .debug_abbrev  0x0000000000002196      0x1fa ./USB_DEVICE/App/usbd_desc.o
 .debug_abbrev  0x0000000000002390      0x305 ./USB_DEVICE/Target/usbd_conf.o

.debug_aranges  0x0000000000000000      0xa08
 .debug_aranges
                0x0000000000000000       0x38 ./Core/Src/main.o
 .debug_aranges
                0x0000000000000038       0x20 ./Core/Src/stm32f1xx_hal_msp.o
 .debug_aranges
                0x0000000000000058       0x68 ./Core/Src/stm32f1xx_it.o
 .debug_aranges
                0x00000000000000c0       0x28 ./Core/Src/system_stm32f1xx.o
 .debug_aranges
                0x00000000000000e8       0x28 ./Core/Startup/startup_stm32f103c8tx.o
 .debug_aranges
                0x0000000000000110       0xe0 ./Drivers/STM32F1xx_HAL_Driver/Src/stm32f1xx_hal.o
 .debug_aranges
                0x00000000000001f0      0x100 ./Drivers/STM32F1xx_HAL_Driver/Src/stm32f1xx_hal_cortex.o
 .debug_aranges
                0x00000000000002f0      0x138 ./Drivers/STM32F1xx_HAL_Driver/Src/stm32f1xx_hal_pcd.o
 .debug_aranges
                0x0000000000000428       0x38 ./Drivers/STM32F1xx_HAL_Driver/Src/stm32f1xx_hal_pcd_ex.o
 .debug_aranges
                0x0000000000000460       0x90 ./Drivers/STM32F1xx_HAL_Driver/Src/stm32f1xx_hal_rcc.o
 .debug_aranges
                0x00000000000004f0       0x30 ./Drivers/STM32F1xx_HAL_Driver/Src/stm32f1xx_hal_rcc_ex.o
 .debug_aranges
                0x0000000000000520       0xf0 ./Drivers/STM32F1xx_HAL_Driver/Src/stm32f1xx_ll_usb.o
 .debug_aranges
                0x0000000000000610       0x90 ./Middlewares/ST/STM32_USB_Device_Library/Class/CDC/Src/usbd_cdc.o
 .debug_aranges
                0x00000000000006a0       0xb8 ./Middlewares/ST/STM32_USB_Device_Library/Core/Src/usbd_core.o
 .debug_aranges
                0x0000000000000758       0x88 ./Middlewares/ST/STM32_USB_Device_Library/Core/Src/usbd_ctlreq.o
 .debug_aranges
                0x00000000000007e0       0x50 ./Middlewares/ST/STM32_USB_Device_Library/Core/Src/usbd_ioreq.o
 .debug_aranges
                0x0000000000000830       0x20 ./USB_DEVICE/App/usb_device.o
 .debug_aranges
                0x0000000000000850       0x40 ./USB_DEVICE/App/usbd_cdc_if.o
 .debug_aranges
                0x0000000000000890       0x60 ./USB_DEVICE/App/usbd_desc.o
 .debug_aranges
                0x00000000000008f0      0x118 ./USB_DEVICE/Target/usbd_conf.o

.debug_ranges   0x0000000000000000      0x8d0
 .debug_ranges  0x0000000000000000       0x28 ./Core/Src/main.o
 .debug_ranges  0x0000000000000028       0x10 ./Core/Src/stm32f1xx_hal_msp.o
 .debug_ranges  0x0000000000000038       0x58 ./Core/Src/stm32f1xx_it.o
 .debug_ranges  0x0000000000000090       0x18 ./Core/Src/system_stm32f1xx.o
 .debug_ranges  0x00000000000000a8       0x20 ./Core/Startup/startup_stm32f103c8tx.o
 .debug_ranges  0x00000000000000c8       0xd0 ./Drivers/STM32F1xx_HAL_Driver/Src/stm32f1xx_hal.o
 .debug_ranges  0x0000000000000198       0xf0 ./Drivers/STM32F1xx_HAL_Driver/Src/stm32f1xx_hal_cortex.o
 .debug_ranges  0x0000000000000288      0x128 ./Drivers/STM32F1xx_HAL_Driver/Src/stm32f1xx_hal_pcd.o
 .debug_ranges  0x00000000000003b0       0x28 ./Drivers/STM32F1xx_HAL_Driver/Src/stm32f1xx_hal_pcd_ex.o
 .debug_ranges  0x00000000000003d8       0x80 ./Drivers/STM32F1xx_HAL_Driver/Src/stm32f1xx_hal_rcc.o
 .debug_ranges  0x0000000000000458       0x20 ./Drivers/STM32F1xx_HAL_Driver/Src/stm32f1xx_hal_rcc_ex.o
 .debug_ranges  0x0000000000000478       0xe0 ./Drivers/STM32F1xx_HAL_Driver/Src/stm32f1xx_ll_usb.o
 .debug_ranges  0x0000000000000558       0x80 ./Middlewares/ST/STM32_USB_Device_Library/Class/CDC/Src/usbd_cdc.o
 .debug_ranges  0x00000000000005d8       0xa8 ./Middlewares/ST/STM32_USB_Device_Library/Core/Src/usbd_core.o
 .debug_ranges  0x0000000000000680       0x78 ./Middlewares/ST/STM32_USB_Device_Library/Core/Src/usbd_ctlreq.o
 .debug_ranges  0x00000000000006f8       0x40 ./Middlewares/ST/STM32_USB_Device_Library/Core/Src/usbd_ioreq.o
 .debug_ranges  0x0000000000000738       0x10 ./USB_DEVICE/App/usb_device.o
 .debug_ranges  0x0000000000000748       0x30 ./USB_DEVICE/App/usbd_cdc_if.o
 .debug_ranges  0x0000000000000778       0x50 ./USB_DEVICE/App/usbd_desc.o
 .debug_ranges  0x00000000000007c8      0x108 ./USB_DEVICE/Target/usbd_conf.o

.debug_macro    0x0000000000000000    0x193b7
 .debug_macro   0x0000000000000000      0x3e7 ./Core/Src/main.o
 .debug_macro   0x00000000000003e7      0xa6c ./Core/Src/main.o
 .debug_macro   0x0000000000000e53      0x215 ./Core/Src/main.o
 .debug_macro   0x0000000000001068       0x2e ./Core/Src/main.o
 .debug_macro   0x0000000000001096       0x22 ./Core/Src/main.o
 .debug_macro   0x00000000000010b8       0x22 ./Core/Src/main.o
 .debug_macro   0x00000000000010da       0x8e ./Core/Src/main.o
 .debug_macro   0x0000000000001168       0x51 ./Core/Src/main.o
 .debug_macro   0x00000000000011b9      0x103 ./Core/Src/main.o
 .debug_macro   0x00000000000012bc       0x6a ./Core/Src/main.o
 .debug_macro   0x0000000000001326      0x1df ./Core/Src/main.o
 .debug_macro   0x0000000000001505       0x1c ./Core/Src/main.o
 .debug_macro   0x0000000000001521       0x22 ./Core/Src/main.o
 .debug_macro   0x0000000000001543       0xbd ./Core/Src/main.o
 .debug_macro   0x0000000000001600      0xd23 ./Core/Src/main.o
 .debug_macro   0x0000000000002323     0xe09e ./Core/Src/main.o
 .debug_macro   0x00000000000103c1       0x6d ./Core/Src/main.o
 .debug_macro   0x000000000001042e     0x3468 ./Core/Src/main.o
 .debug_macro   0x0000000000013896      0x174 ./Core/Src/main.o
 .debug_macro   0x0000000000013a0a       0x5c ./Core/Src/main.o
 .debug_macro   0x0000000000013a66      0x5be ./Core/Src/main.o
 .debug_macro   0x0000000000014024      0x289 ./Core/Src/main.o
 .debug_macro   0x00000000000142ad      0x1cb ./Core/Src/main.o
 .debug_macro   0x0000000000014478      0x114 ./Core/Src/main.o
 .debug_macro   0x000000000001458c      0x1b2 ./Core/Src/main.o
 .debug_macro   0x000000000001473e       0x27 ./Core/Src/main.o
 .debug_macro   0x0000000000014765      0x136 ./Core/Src/main.o
 .debug_macro   0x000000000001489b      0x1bc ./Core/Src/main.o
 .debug_macro   0x0000000000014a57       0x34 ./Core/Src/main.o
 .debug_macro   0x0000000000014a8b       0x3c ./Core/Src/main.o
 .debug_macro   0x0000000000014ac7       0x57 ./Core/Src/main.o
 .debug_macro   0x0000000000014b1e       0x88 ./Core/Src/main.o
 .debug_macro   0x0000000000014ba6      0x241 ./Core/Src/main.o
 .debug_macro   0x0000000000014de7      0x141 ./Core/Src/main.o
 .debug_macro   0x0000000000014f28       0x65 ./Core/Src/main.o
 .debug_macro   0x0000000000014f8d      0x249 ./Core/Src/main.o
 .debug_macro   0x00000000000151d6       0x83 ./Core/Src/main.o
 .debug_macro   0x0000000000015259       0x52 ./Core/Src/main.o
 .debug_macro   0x00000000000152ab       0x18 ./Core/Src/main.o
 .debug_macro   0x00000000000152c3       0x3c ./Core/Src/main.o
 .debug_macro   0x00000000000152ff       0x34 ./Core/Src/main.o
 .debug_macro   0x0000000000015333       0x16 ./Core/Src/main.o
 .debug_macro   0x0000000000015349       0x35 ./Core/Src/main.o
 .debug_macro   0x000000000001537e      0x341 ./Core/Src/main.o
 .debug_macro   0x00000000000156bf       0x10 ./Core/Src/main.o
 .debug_macro   0x00000000000156cf       0x16 ./Core/Src/main.o
 .debug_macro   0x00000000000156e5       0x43 ./Core/Src/main.o
 .debug_macro   0x0000000000015728       0x34 ./Core/Src/main.o
 .debug_macro   0x000000000001575c       0x10 ./Core/Src/main.o
 .debug_macro   0x000000000001576c       0x58 ./Core/Src/main.o
 .debug_macro   0x00000000000157c4       0x71 ./Core/Src/main.o
 .debug_macro   0x0000000000015835       0x1c ./Core/Src/main.o
 .debug_macro   0x0000000000015851      0x12a ./Core/Src/main.o
 .debug_macro   0x000000000001597b       0x10 ./Core/Src/main.o
 .debug_macro   0x000000000001598b       0x1c ./Core/Src/main.o
 .debug_macro   0x00000000000159a7       0x52 ./Core/Src/main.o
 .debug_macro   0x00000000000159f9       0x22 ./Core/Src/main.o
 .debug_macro   0x0000000000015a1b       0x10 ./Core/Src/main.o
 .debug_macro   0x0000000000015a2b       0x52 ./Core/Src/main.o
 .debug_macro   0x0000000000015a7d       0xd5 ./Core/Src/main.o
 .debug_macro   0x0000000000015b52       0x1c ./Core/Src/main.o
 .debug_macro   0x0000000000015b6e       0x3d ./Core/Src/main.o
 .debug_macro   0x0000000000015bab       0x16 ./Core/Src/main.o
 .debug_macro   0x0000000000015bc1      0x145 ./Core/Src/main.o
 .debug_macro   0x0000000000015d06       0x16 ./Core/Src/main.o
 .debug_macro   0x0000000000015d1c       0x16 ./Core/Src/main.o
 .debug_macro   0x0000000000015d32       0x29 ./Core/Src/main.o
 .debug_macro   0x0000000000015d5b       0x16 ./Core/Src/main.o
 .debug_macro   0x0000000000015d71       0x20 ./Core/Src/main.o
 .debug_macro   0x0000000000015d91       0x5f ./Core/Src/main.o
 .debug_macro   0x0000000000015df0      0x1c8 ./Core/Src/main.o
 .debug_macro   0x0000000000015fb8       0x8f ./Core/Src/main.o
 .debug_macro   0x0000000000016047       0x10 ./Core/Src/main.o
 .debug_macro   0x0000000000016057      0x1b2 ./Core/Src/stm32f1xx_hal_msp.o
 .debug_macro   0x0000000000016209      0x1bc ./Core/Src/stm32f1xx_it.o
 .debug_macro   0x00000000000163c5      0x1a8 ./Core/Src/system_stm32f1xx.o
 .debug_macro   0x000000000001656d      0x1cc ./Drivers/STM32F1xx_HAL_Driver/Src/stm32f1xx_hal.o
 .debug_macro   0x0000000000016739      0x1a8 ./Drivers/STM32F1xx_HAL_Driver/Src/stm32f1xx_hal_cortex.o
 .debug_macro   0x00000000000168e1      0x1b4 ./Drivers/STM32F1xx_HAL_Driver/Src/stm32f1xx_hal_pcd.o
 .debug_macro   0x0000000000016a95      0x1a8 ./Drivers/STM32F1xx_HAL_Driver/Src/stm32f1xx_hal_pcd_ex.o
 .debug_macro   0x0000000000016c3d      0x1ba ./Drivers/STM32F1xx_HAL_Driver/Src/stm32f1xx_hal_rcc.o
 .debug_macro   0x0000000000016df7      0x1a8 ./Drivers/STM32F1xx_HAL_Driver/Src/stm32f1xx_hal_rcc_ex.o
 .debug_macro   0x0000000000016f9f      0x1a8 ./Drivers/STM32F1xx_HAL_Driver/Src/stm32f1xx_ll_usb.o
 .debug_macro   0x0000000000017147      0x3c8 ./Middlewares/ST/STM32_USB_Device_Library/Class/CDC/Src/usbd_cdc.o
 .debug_macro   0x000000000001750f       0x97 ./Middlewares/ST/STM32_USB_Device_Library/Class/CDC/Src/usbd_cdc.o
 .debug_macro   0x00000000000175a6       0xfd ./Middlewares/ST/STM32_USB_Device_Library/Class/CDC/Src/usbd_cdc.o
 .debug_macro   0x00000000000176a3       0x56 ./Middlewares/ST/STM32_USB_Device_Library/Class/CDC/Src/usbd_cdc.o
 .debug_macro   0x00000000000176f9      0x3af ./Middlewares/ST/STM32_USB_Device_Library/Core/Src/usbd_core.o
 .debug_macro   0x0000000000017aa8      0x1ce ./Middlewares/ST/STM32_USB_Device_Library/Core/Src/usbd_core.o
 .debug_macro   0x0000000000017c76      0x3b9 ./Middlewares/ST/STM32_USB_Device_Library/Core/Src/usbd_ctlreq.o
 .debug_macro   0x000000000001802f      0x3b5 ./Middlewares/ST/STM32_USB_Device_Library/Core/Src/usbd_ioreq.o
 .debug_macro   0x00000000000183e4      0x3ee ./USB_DEVICE/App/usb_device.o
 .debug_macro   0x00000000000187d2       0x22 ./USB_DEVICE/App/usb_device.o
 .debug_macro   0x00000000000187f4       0x16 ./USB_DEVICE/App/usb_device.o
 .debug_macro   0x000000000001880a      0x3d3 ./USB_DEVICE/App/usbd_cdc_if.o
 .debug_macro   0x0000000000018bdd      0x3ec ./USB_DEVICE/App/usbd_desc.o
 .debug_macro   0x0000000000018fc9       0x1c ./USB_DEVICE/App/usbd_desc.o
 .debug_macro   0x0000000000018fe5      0x3d2 ./USB_DEVICE/Target/usbd_conf.o

.debug_line     0x0000000000000000     0xd38f
 .debug_line    0x0000000000000000      0xa61 ./Core/Src/main.o
 .debug_line    0x0000000000000a61      0x66c ./Core/Src/stm32f1xx_hal_msp.o
 .debug_line    0x00000000000010cd      0x746 ./Core/Src/stm32f1xx_it.o
 .debug_line    0x0000000000001813      0x6ea ./Core/Src/system_stm32f1xx.o
 .debug_line    0x0000000000001efd       0x87 ./Core/Startup/startup_stm32f103c8tx.o
 .debug_line    0x0000000000001f84      0x917 ./Drivers/STM32F1xx_HAL_Driver/Src/stm32f1xx_hal.o
 .debug_line    0x000000000000289b      0xaff ./Drivers/STM32F1xx_HAL_Driver/Src/stm32f1xx_hal_cortex.o
 .debug_line    0x000000000000339a     0x1305 ./Drivers/STM32F1xx_HAL_Driver/Src/stm32f1xx_hal_pcd.o
 .debug_line    0x000000000000469f      0x6e5 ./Drivers/STM32F1xx_HAL_Driver/Src/stm32f1xx_hal_pcd_ex.o
 .debug_line    0x0000000000004d84      0xd25 ./Drivers/STM32F1xx_HAL_Driver/Src/stm32f1xx_hal_rcc.o
 .debug_line    0x0000000000005aa9      0x863 ./Drivers/STM32F1xx_HAL_Driver/Src/stm32f1xx_hal_rcc_ex.o
 .debug_line    0x000000000000630c     0x104a ./Drivers/STM32F1xx_HAL_Driver/Src/stm32f1xx_ll_usb.o
 .debug_line    0x0000000000007356      0xcf5 ./Middlewares/ST/STM32_USB_Device_Library/Class/CDC/Src/usbd_cdc.o
 .debug_line    0x000000000000804b      0xd75 ./Middlewares/ST/STM32_USB_Device_Library/Core/Src/usbd_core.o
 .debug_line    0x0000000000008dc0      0xf97 ./Middlewares/ST/STM32_USB_Device_Library/Core/Src/usbd_ctlreq.o
 .debug_line    0x0000000000009d57      0xa0b ./Middlewares/ST/STM32_USB_Device_Library/Core/Src/usbd_ioreq.o
 .debug_line    0x000000000000a762      0x9cb ./USB_DEVICE/App/usb_device.o
 .debug_line    0x000000000000b12d      0xa1e ./USB_DEVICE/App/usbd_cdc_if.o
 .debug_line    0x000000000000bb4b      0xa94 ./USB_DEVICE/App/usbd_desc.o
 .debug_line    0x000000000000c5df      0xdb0 ./USB_DEVICE/Target/usbd_conf.o

.debug_str      0x0000000000000000    0x84541
 .debug_str     0x0000000000000000    0x81e0b ./Core/Src/main.o
                                      0x821b4 (size before relaxing)
 .debug_str     0x0000000000081e0b       0x5a ./Core/Src/stm32f1xx_hal_msp.o
                                      0x7d3a4 (size before relaxing)
 .debug_str     0x0000000000081e65      0x408 ./Core/Src/stm32f1xx_it.o
                                      0x7d778 (size before relaxing)
 .debug_str     0x000000000008226d       0x7e ./Core/Src/system_stm32f1xx.o
                                      0x7d3cf (size before relaxing)
 .debug_str     0x00000000000822eb       0x36 ./Core/Startup/startup_stm32f103c8tx.o
                                         0x6f (size before relaxing)
 .debug_str     0x0000000000082321      0x607 ./Drivers/STM32F1xx_HAL_Driver/Src/stm32f1xx_hal.o
                                      0x7db02 (size before relaxing)
 .debug_str     0x0000000000082928      0x293 ./Drivers/STM32F1xx_HAL_Driver/Src/stm32f1xx_hal_cortex.o
                                      0x7da4e (size before relaxing)
 .debug_str     0x0000000000082bbb      0x590 ./Drivers/STM32F1xx_HAL_Driver/Src/stm32f1xx_hal_pcd.o
                                      0x7dca7 (size before relaxing)
 .debug_str     0x000000000008314b      0x170 ./Drivers/STM32F1xx_HAL_Driver/Src/stm32f1xx_hal_pcd_ex.o
                                      0x7d843 (size before relaxing)
 .debug_str     0x00000000000832bb      0x264 ./Drivers/STM32F1xx_HAL_Driver/Src/stm32f1xx_hal_rcc.o
                                      0x7d7fe (size before relaxing)
 .debug_str     0x000000000008351f       0x9f ./Drivers/STM32F1xx_HAL_Driver/Src/stm32f1xx_hal_rcc_ex.o
                                      0x7d54e (size before relaxing)
 .debug_str     0x00000000000835be      0x12e ./Drivers/STM32F1xx_HAL_Driver/Src/stm32f1xx_ll_usb.o
                                      0x7d876 (size before relaxing)
 .debug_str     0x00000000000836ec      0x645 ./Middlewares/ST/STM32_USB_Device_Library/Class/CDC/Src/usbd_cdc.o
                                      0x828eb (size before relaxing)
 .debug_str     0x0000000000083d31      0x281 ./Middlewares/ST/STM32_USB_Device_Library/Core/Src/usbd_core.o
                                      0x82226 (size before relaxing)
 .debug_str     0x0000000000083fb2      0x120 ./Middlewares/ST/STM32_USB_Device_Library/Core/Src/usbd_ctlreq.o
                                      0x82140 (size before relaxing)
 .debug_str     0x00000000000840d2       0x51 ./Middlewares/ST/STM32_USB_Device_Library/Core/Src/usbd_ioreq.o
                                      0x8206d (size before relaxing)
 .debug_str     0x0000000000084123       0xc6 ./USB_DEVICE/App/usb_device.o
                                      0x823f8 (size before relaxing)
 .debug_str     0x00000000000841e9       0x8b ./USB_DEVICE/App/usbd_cdc_if.o
                                      0x8243a (size before relaxing)
 .debug_str     0x0000000000084274      0x255 ./USB_DEVICE/App/usbd_desc.o
                                      0x81fa6 (size before relaxing)
 .debug_str     0x00000000000844c9       0x78 ./USB_DEVICE/Target/usbd_conf.o
                                      0x82e78 (size before relaxing)

.comment        0x0000000000000000       0x50
 .comment       0x0000000000000000       0x50 ./Core/Src/main.o
                                         0x51 (size before relaxing)
 .comment       0x0000000000000050       0x51 ./Core/Src/stm32f1xx_hal_msp.o
 .comment       0x0000000000000050       0x51 ./Core/Src/stm32f1xx_it.o
 .comment       0x0000000000000050       0x51 ./Core/Src/system_stm32f1xx.o
 .comment       0x0000000000000050       0x51 ./Drivers/STM32F1xx_HAL_Driver/Src/stm32f1xx_hal.o
 .comment       0x0000000000000050       0x51 ./Drivers/STM32F1xx_HAL_Driver/Src/stm32f1xx_hal_cortex.o
 .comment       0x0000000000000050       0x51 ./Drivers/STM32F1xx_HAL_Driver/Src/stm32f1xx_hal_pcd.o
 .comment       0x0000000000000050       0x51 ./Drivers/STM32F1xx_HAL_Driver/Src/stm32f1xx_hal_pcd_ex.o
 .comment       0x0000000000000050       0x51 ./Drivers/STM32F1xx_HAL_Driver/Src/stm32f1xx_hal_rcc.o
 .comment       0x0000000000000050       0x51 ./Drivers/STM32F1xx_HAL_Driver/Src/stm32f1xx_hal_rcc_ex.o
 .comment       0x0000000000000050       0x51 ./Drivers/STM32F1xx_HAL_Driver/Src/stm32f1xx_ll_usb.o
 .comment       0x0000000000000050       0x51 ./Middlewares/ST/STM32_USB_Device_Library/Class/CDC/Src/usbd_cdc.o
 .comment       0x0000000000000050       0x51 ./Middlewares/ST/STM32_USB_Device_Library/Core/Src/usbd_core.o
 .comment       0x0000000000000050       0x51 ./Middlewares/ST/STM32_USB_Device_Library/Core/Src/usbd_ctlreq.o
 .comment       0x0000000000000050       0x51 ./Middlewares/ST/STM32_USB_Device_Library/Core/Src/usbd_ioreq.o
 .comment       0x0000000000000050       0x51 ./USB_DEVICE/App/usb_device.o
 .comment       0x0000000000000050       0x51 ./USB_DEVICE/App/usbd_cdc_if.o
 .comment       0x0000000000000050       0x51 ./USB_DEVICE/App/usbd_desc.o
 .comment       0x0000000000000050       0x51 ./USB_DEVICE/Target/usbd_conf.o

.debug_frame    0x0000000000000000     0x2684
 .debug_frame   0x0000000000000000       0x94 ./Core/Src/main.o
 .debug_frame   0x0000000000000094       0x38 ./Core/Src/stm32f1xx_hal_msp.o
 .debug_frame   0x00000000000000cc      0x120 ./Core/Src/stm32f1xx_it.o
 .debug_frame   0x00000000000001ec       0x58 ./Core/Src/system_stm32f1xx.o
 .debug_frame   0x0000000000000244      0x334 ./Drivers/STM32F1xx_HAL_Driver/Src/stm32f1xx_hal.o
 .debug_frame   0x0000000000000578      0x428 ./Drivers/STM32F1xx_HAL_Driver/Src/stm32f1xx_hal_cortex.o
 .debug_frame   0x00000000000009a0      0x578 ./Drivers/STM32F1xx_HAL_Driver/Src/stm32f1xx_hal_pcd.o
 .debug_frame   0x0000000000000f18       0xb0 ./Drivers/STM32F1xx_HAL_Driver/Src/stm32f1xx_hal_pcd_ex.o
 .debug_frame   0x0000000000000fc8      0x21c ./Drivers/STM32F1xx_HAL_Driver/Src/stm32f1xx_hal_rcc.o
 .debug_frame   0x00000000000011e4       0x84 ./Drivers/STM32F1xx_HAL_Driver/Src/stm32f1xx_hal_rcc_ex.o
 .debug_frame   0x0000000000001268      0x450 ./Drivers/STM32F1xx_HAL_Driver/Src/stm32f1xx_ll_usb.o
 .debug_frame   0x00000000000016b8      0x248 ./Middlewares/ST/STM32_USB_Device_Library/Class/CDC/Src/usbd_cdc.o
 .debug_frame   0x0000000000001900      0x300 ./Middlewares/ST/STM32_USB_Device_Library/Core/Src/usbd_core.o
 .debug_frame   0x0000000000001c00      0x218 ./Middlewares/ST/STM32_USB_Device_Library/Core/Src/usbd_ctlreq.o
 .debug_frame   0x0000000000001e18      0x10c ./Middlewares/ST/STM32_USB_Device_Library/Core/Src/usbd_ioreq.o
 .debug_frame   0x0000000000001f24       0x2c ./USB_DEVICE/App/usb_device.o
 .debug_frame   0x0000000000001f50       0xbc ./USB_DEVICE/App/usbd_cdc_if.o
 .debug_frame   0x000000000000200c      0x160 ./USB_DEVICE/App/usbd_desc.o
 .debug_frame   0x000000000000216c      0x4a4 ./USB_DEVICE/Target/usbd_conf.o
 .debug_frame   0x0000000000002610       0x2c c:/st/stm32cubeide_1.9.0/stm32cubeide/plugins/com.st.stm32cube.ide.mcu.externaltools.gnu-tools-for-stm32.10.3-2021.10.win32_1.0.0.202111181127/tools/bin/../lib/gcc/arm-none-eabi/10.3.1/../../../../arm-none-eabi/lib/thumb/v7-m/nofp\libc_nano.a(lib_a-init.o)
 .debug_frame   0x000000000000263c       0x28 c:/st/stm32cubeide_1.9.0/stm32cubeide/plugins/com.st.stm32cube.ide.mcu.externaltools.gnu-tools-for-stm32.10.3-2021.10.win32_1.0.0.202111181127/tools/bin/../lib/gcc/arm-none-eabi/10.3.1/../../../../arm-none-eabi/lib/thumb/v7-m/nofp\libc_nano.a(lib_a-memcpy-stub.o)
 .debug_frame   0x0000000000002664       0x20 c:/st/stm32cubeide_1.9.0/stm32cubeide/plugins/com.st.stm32cube.ide.mcu.externaltools.gnu-tools-for-stm32.10.3-2021.10.win32_1.0.0.202111181127/tools/bin/../lib/gcc/arm-none-eabi/10.3.1/../../../../arm-none-eabi/lib/thumb/v7-m/nofp\libc_nano.a(lib_a-memset.o)
